running egg_info
creating ../../build/hand_tracking/hand_tracking.egg-info
writing ../../build/hand_tracking/hand_tracking.egg-info/PKG-INFO
writing dependency_links to ../../build/hand_tracking/hand_tracking.egg-info/dependency_links.txt
writing entry points to ../../build/hand_tracking/hand_tracking.egg-info/entry_points.txt
writing requirements to ../../build/hand_tracking/hand_tracking.egg-info/requires.txt
writing top-level names to ../../build/hand_tracking/hand_tracking.egg-info/top_level.txt
writing manifest file '../../build/hand_tracking/hand_tracking.egg-info/SOURCES.txt'
reading manifest file '../../build/hand_tracking/hand_tracking.egg-info/SOURCES.txt'
writing manifest file '../../build/hand_tracking/hand_tracking.egg-info/SOURCES.txt'
running build
running build_py
creating /home/huahai/dobot_ws/build/hand_tracking/build
creating /home/huahai/dobot_ws/build/hand_tracking/build/lib
creating /home/huahai/dobot_ws/build/hand_tracking/build/lib/hand_tracking
copying hand_tracking/__init__.py -> /home/huahai/dobot_ws/build/hand_tracking/build/lib/hand_tracking
copying hand_tracking/hand_tracking_node.py -> /home/huahai/dobot_ws/build/hand_tracking/build/lib/hand_tracking
running install
running install_lib
creating /home/huahai/dobot_ws/install/hand_tracking/lib/python3.10/site-packages/hand_tracking
copying /home/huahai/dobot_ws/build/hand_tracking/build/lib/hand_tracking/__init__.py -> /home/huahai/dobot_ws/install/hand_tracking/lib/python3.10/site-packages/hand_tracking
copying /home/huahai/dobot_ws/build/hand_tracking/build/lib/hand_tracking/hand_tracking_node.py -> /home/huahai/dobot_ws/install/hand_tracking/lib/python3.10/site-packages/hand_tracking
byte-compiling /home/huahai/dobot_ws/install/hand_tracking/lib/python3.10/site-packages/hand_tracking/__init__.py to __init__.cpython-310.pyc
byte-compiling /home/huahai/dobot_ws/install/hand_tracking/lib/python3.10/site-packages/hand_tracking/hand_tracking_node.py to hand_tracking_node.cpython-310.pyc
running install_data
creating /home/huahai/dobot_ws/install/hand_tracking/share/ament_index
creating /home/huahai/dobot_ws/install/hand_tracking/share/ament_index/resource_index
creating /home/huahai/dobot_ws/install/hand_tracking/share/ament_index/resource_index/packages
copying resource/hand_tracking -> /home/huahai/dobot_ws/install/hand_tracking/share/ament_index/resource_index/packages
copying package.xml -> /home/huahai/dobot_ws/install/hand_tracking/share/hand_tracking
running install_egg_info
Copying ../../build/hand_tracking/hand_tracking.egg-info to /home/huahai/dobot_ws/install/hand_tracking/lib/python3.10/site-packages/hand_tracking-0.0.0-py3.10.egg-info
running install_scripts
Installing hand_tracking_node script to /home/huahai/dobot_ws/install/hand_tracking/lib/hand_tracking
writing list of installed files to '/home/huahai/dobot_ws/build/hand_tracking/install.log'
