[0.004s] Invoking command in '/home/huahai/dobot_ws/build/cr5_moveit': AMENT_PREFIX_PATH=/home/huahai/dobot_ws/install/dobot_rviz:${AMENT_PREFIX_PATH} CMAKE_PREFIX_PATH=/home/huahai/dobot_ws/install/dobot_rviz:/opt/ros/humble /usr/bin/cmake /home/huahai/dobot_ws/src/DOBOT_6Axis_ROS2_V3/cr5_moveit -DCMAKE_INSTALL_PREFIX=/home/huahai/dobot_ws/install/cr5_moveit
[0.048s] -- The C compiler identification is GNU 11.4.0
[0.091s] -- The CXX compiler identification is GNU 11.4.0
[0.099s] -- Detecting C compiler ABI info
[0.157s] -- Detecting C compiler ABI info - done
[0.162s] -- Check for working C compiler: /usr/bin/cc - skipped
[0.163s] -- Detecting C compile features
[0.163s] -- Detecting C compile features - done
[0.165s] -- Detecting CXX compiler ABI info
[0.230s] -- Detecting CXX compiler ABI info - done
[0.235s] -- Check for working CXX compiler: /usr/bin/c++ - skipped
[0.235s] -- Detecting CXX compile features
[0.235s] -- Detecting CXX compile features - done
[0.237s] -- Found ament_cmake: 1.3.13 (/opt/ros/humble/share/ament_cmake/cmake)
[0.499s] -- Found Python3: /usr/bin/python3 (found version "3.10.12") found components: Interpreter 
[0.602s] -- Configuring done
[0.602s] -- Generating done
[0.604s] -- Build files have been written to: /home/huahai/dobot_ws/build/cr5_moveit
[0.609s] Invoked command in '/home/huahai/dobot_ws/build/cr5_moveit' returned '0': AMENT_PREFIX_PATH=/home/huahai/dobot_ws/install/dobot_rviz:${AMENT_PREFIX_PATH} CMAKE_PREFIX_PATH=/home/huahai/dobot_ws/install/dobot_rviz:/opt/ros/humble /usr/bin/cmake /home/huahai/dobot_ws/src/DOBOT_6Axis_ROS2_V3/cr5_moveit -DCMAKE_INSTALL_PREFIX=/home/huahai/dobot_ws/install/cr5_moveit
[0.609s] Invoking command in '/home/huahai/dobot_ws/build/cr5_moveit': AMENT_PREFIX_PATH=/home/huahai/dobot_ws/install/dobot_rviz:${AMENT_PREFIX_PATH} CMAKE_PREFIX_PATH=/home/huahai/dobot_ws/install/dobot_rviz:/opt/ros/humble /usr/bin/cmake --build /home/huahai/dobot_ws/build/cr5_moveit -- -j2 -l2
[0.637s] Invoked command in '/home/huahai/dobot_ws/build/cr5_moveit' returned '0': AMENT_PREFIX_PATH=/home/huahai/dobot_ws/install/dobot_rviz:${AMENT_PREFIX_PATH} CMAKE_PREFIX_PATH=/home/huahai/dobot_ws/install/dobot_rviz:/opt/ros/humble /usr/bin/cmake --build /home/huahai/dobot_ws/build/cr5_moveit -- -j2 -l2
[0.640s] Invoking command in '/home/huahai/dobot_ws/build/cr5_moveit': AMENT_PREFIX_PATH=/home/huahai/dobot_ws/install/dobot_rviz:${AMENT_PREFIX_PATH} CMAKE_PREFIX_PATH=/home/huahai/dobot_ws/install/dobot_rviz:/opt/ros/humble /usr/bin/cmake --install /home/huahai/dobot_ws/build/cr5_moveit
[0.644s] -- Install configuration: ""
[0.644s] -- Installing: /home/huahai/dobot_ws/install/cr5_moveit/share/ament_index/resource_index/package_run_dependencies/cr5_moveit
[0.644s] -- Installing: /home/huahai/dobot_ws/install/cr5_moveit/share/ament_index/resource_index/parent_prefix_path/cr5_moveit
[0.645s] -- Installing: /home/huahai/dobot_ws/install/cr5_moveit/share/cr5_moveit/environment/ament_prefix_path.sh
[0.645s] -- Installing: /home/huahai/dobot_ws/install/cr5_moveit/share/cr5_moveit/environment/ament_prefix_path.dsv
[0.645s] -- Installing: /home/huahai/dobot_ws/install/cr5_moveit/share/cr5_moveit/environment/path.sh
[0.645s] -- Installing: /home/huahai/dobot_ws/install/cr5_moveit/share/cr5_moveit/environment/path.dsv
[0.645s] -- Installing: /home/huahai/dobot_ws/install/cr5_moveit/share/cr5_moveit/local_setup.bash
[0.645s] -- Installing: /home/huahai/dobot_ws/install/cr5_moveit/share/cr5_moveit/local_setup.sh
[0.645s] -- Installing: /home/huahai/dobot_ws/install/cr5_moveit/share/cr5_moveit/local_setup.zsh
[0.646s] -- Installing: /home/huahai/dobot_ws/install/cr5_moveit/share/cr5_moveit/local_setup.dsv
[0.646s] -- Installing: /home/huahai/dobot_ws/install/cr5_moveit/share/cr5_moveit/package.dsv
[0.646s] -- Installing: /home/huahai/dobot_ws/install/cr5_moveit/share/ament_index/resource_index/packages/cr5_moveit
[0.646s] -- Installing: /home/huahai/dobot_ws/install/cr5_moveit/share/cr5_moveit/cmake/cr5_moveitConfig.cmake
[0.646s] -- Installing: /home/huahai/dobot_ws/install/cr5_moveit/share/cr5_moveit/cmake/cr5_moveitConfig-version.cmake
[0.646s] -- Installing: /home/huahai/dobot_ws/install/cr5_moveit/share/cr5_moveit/package.xml
[0.646s] -- Installing: /home/huahai/dobot_ws/install/cr5_moveit/share/cr5_moveit/launch
[0.647s] -- Installing: /home/huahai/dobot_ws/install/cr5_moveit/share/cr5_moveit/launch/moveit_rviz.launch.py
[0.647s] -- Installing: /home/huahai/dobot_ws/install/cr5_moveit/share/cr5_moveit/launch/dobot_moveit.launch.py
[0.647s] -- Installing: /home/huahai/dobot_ws/install/cr5_moveit/share/cr5_moveit/launch/moveit_gazebo.launch.py
[0.647s] -- Installing: /home/huahai/dobot_ws/install/cr5_moveit/share/cr5_moveit/launch/demo.launch.py
[0.647s] -- Installing: /home/huahai/dobot_ws/install/cr5_moveit/share/cr5_moveit/launch/setup_assistant.launch.py
[0.647s] -- Installing: /home/huahai/dobot_ws/install/cr5_moveit/share/cr5_moveit/launch/rsp.launch.py
[0.647s] -- Installing: /home/huahai/dobot_ws/install/cr5_moveit/share/cr5_moveit/launch/static_virtual_joint_tfs.launch.py
[0.647s] -- Installing: /home/huahai/dobot_ws/install/cr5_moveit/share/cr5_moveit/launch/spawn_controllers.launch.py
[0.648s] -- Installing: /home/huahai/dobot_ws/install/cr5_moveit/share/cr5_moveit/launch/move_group.launch.py
[0.648s] -- Installing: /home/huahai/dobot_ws/install/cr5_moveit/share/cr5_moveit/launch/warehouse_db.launch.py
[0.648s] -- Installing: /home/huahai/dobot_ws/install/cr5_moveit/share/cr5_moveit/config
[0.648s] -- Installing: /home/huahai/dobot_ws/install/cr5_moveit/share/cr5_moveit/config/joint_limits.yaml
[0.648s] -- Installing: /home/huahai/dobot_ws/install/cr5_moveit/share/cr5_moveit/config/moveit.rviz
[0.648s] -- Installing: /home/huahai/dobot_ws/install/cr5_moveit/share/cr5_moveit/config/pilz_cartesian_limits.yaml
[0.648s] -- Installing: /home/huahai/dobot_ws/install/cr5_moveit/share/cr5_moveit/config/moveit_controllers.yaml
[0.648s] -- Installing: /home/huahai/dobot_ws/install/cr5_moveit/share/cr5_moveit/config/kinematics.yaml
[0.649s] -- Installing: /home/huahai/dobot_ws/install/cr5_moveit/share/cr5_moveit/config/cr5_robot.ros2_control.xacro
[0.649s] -- Installing: /home/huahai/dobot_ws/install/cr5_moveit/share/cr5_moveit/config/cr5_robot.urdf.xacro
[0.649s] -- Installing: /home/huahai/dobot_ws/install/cr5_moveit/share/cr5_moveit/config/initial_positions.yaml
[0.649s] -- Installing: /home/huahai/dobot_ws/install/cr5_moveit/share/cr5_moveit/config/cr5_robot.srdf
[0.649s] -- Installing: /home/huahai/dobot_ws/install/cr5_moveit/share/cr5_moveit/config/ros2_controllers.yaml
[0.652s] -- Installing: /home/huahai/dobot_ws/install/cr5_moveit/share/cr5_moveit/.setup_assistant
[0.652s] Invoked command in '/home/huahai/dobot_ws/build/cr5_moveit' returned '0': AMENT_PREFIX_PATH=/home/huahai/dobot_ws/install/dobot_rviz:${AMENT_PREFIX_PATH} CMAKE_PREFIX_PATH=/home/huahai/dobot_ws/install/dobot_rviz:/opt/ros/humble /usr/bin/cmake --install /home/huahai/dobot_ws/build/cr5_moveit
