[0.010s] Invoking command in '/home/huahai/dobot_ws/build/nova5_moveit': AMENT_PREFIX_PATH=/home/huahai/dobot_ws/install/dobot_rviz:${AMENT_PREFIX_PATH} CMAKE_PREFIX_PATH=/home/huahai/dobot_ws/install/dobot_rviz:/opt/ros/humble /usr/bin/cmake /home/huahai/dobot_ws/src/DOBOT_6Axis_ROS2_V3/nova5_moveit -DCMAKE_INSTALL_PREFIX=/home/huahai/dobot_ws/install/nova5_moveit
[0.067s] -- The C compiler identification is GNU 11.4.0
[0.129s] -- The CXX compiler identification is GNU 11.4.0
[0.135s] -- Detecting C compiler ABI info
[0.190s] -- Detecting C compiler ABI info - done
[0.194s] -- Check for working C compiler: /usr/bin/cc - skipped
[0.194s] -- Detecting C compile features
[0.194s] -- Detecting C compile features - done
[0.197s] -- Detecting CXX compiler ABI info
[0.257s] -- Detecting CXX compiler ABI info - done
[0.265s] -- Check for working CXX compiler: /usr/bin/c++ - skipped
[0.266s] -- Detecting CXX compile features
[0.269s] -- Detecting CXX compile features - done
[0.270s] -- Found ament_cmake: 1.3.13 (/opt/ros/humble/share/ament_cmake/cmake)
[0.379s] -- Found Python3: /usr/bin/python3 (found version "3.10.12") found components: Interpreter 
[0.501s] -- Configuring done
[0.501s] -- Generating done
[0.503s] -- Build files have been written to: /home/huahai/dobot_ws/build/nova5_moveit
[0.506s] Invoked command in '/home/huahai/dobot_ws/build/nova5_moveit' returned '0': AMENT_PREFIX_PATH=/home/huahai/dobot_ws/install/dobot_rviz:${AMENT_PREFIX_PATH} CMAKE_PREFIX_PATH=/home/huahai/dobot_ws/install/dobot_rviz:/opt/ros/humble /usr/bin/cmake /home/huahai/dobot_ws/src/DOBOT_6Axis_ROS2_V3/nova5_moveit -DCMAKE_INSTALL_PREFIX=/home/huahai/dobot_ws/install/nova5_moveit
[0.507s] Invoking command in '/home/huahai/dobot_ws/build/nova5_moveit': AMENT_PREFIX_PATH=/home/huahai/dobot_ws/install/dobot_rviz:${AMENT_PREFIX_PATH} CMAKE_PREFIX_PATH=/home/huahai/dobot_ws/install/dobot_rviz:/opt/ros/humble /usr/bin/cmake --build /home/huahai/dobot_ws/build/nova5_moveit -- -j2 -l2
[0.536s] Invoked command in '/home/huahai/dobot_ws/build/nova5_moveit' returned '0': AMENT_PREFIX_PATH=/home/huahai/dobot_ws/install/dobot_rviz:${AMENT_PREFIX_PATH} CMAKE_PREFIX_PATH=/home/huahai/dobot_ws/install/dobot_rviz:/opt/ros/humble /usr/bin/cmake --build /home/huahai/dobot_ws/build/nova5_moveit -- -j2 -l2
[0.536s] Invoking command in '/home/huahai/dobot_ws/build/nova5_moveit': AMENT_PREFIX_PATH=/home/huahai/dobot_ws/install/dobot_rviz:${AMENT_PREFIX_PATH} CMAKE_PREFIX_PATH=/home/huahai/dobot_ws/install/dobot_rviz:/opt/ros/humble /usr/bin/cmake --install /home/huahai/dobot_ws/build/nova5_moveit
[0.542s] -- Install configuration: ""
[0.542s] -- Installing: /home/huahai/dobot_ws/install/nova5_moveit/share/ament_index/resource_index/package_run_dependencies/nova5_moveit
[0.543s] -- Installing: /home/huahai/dobot_ws/install/nova5_moveit/share/ament_index/resource_index/parent_prefix_path/nova5_moveit
[0.543s] -- Installing: /home/huahai/dobot_ws/install/nova5_moveit/share/nova5_moveit/environment/ament_prefix_path.sh
[0.543s] -- Installing: /home/huahai/dobot_ws/install/nova5_moveit/share/nova5_moveit/environment/ament_prefix_path.dsv
[0.543s] -- Installing: /home/huahai/dobot_ws/install/nova5_moveit/share/nova5_moveit/environment/path.sh
[0.543s] -- Installing: /home/huahai/dobot_ws/install/nova5_moveit/share/nova5_moveit/environment/path.dsv
[0.543s] -- Installing: /home/huahai/dobot_ws/install/nova5_moveit/share/nova5_moveit/local_setup.bash
[0.544s] -- Installing: /home/huahai/dobot_ws/install/nova5_moveit/share/nova5_moveit/local_setup.sh
[0.544s] -- Installing: /home/huahai/dobot_ws/install/nova5_moveit/share/nova5_moveit/local_setup.zsh
[0.544s] -- Installing: /home/huahai/dobot_ws/install/nova5_moveit/share/nova5_moveit/local_setup.dsv
[0.544s] -- Installing: /home/huahai/dobot_ws/install/nova5_moveit/share/nova5_moveit/package.dsv
[0.545s] -- Installing: /home/huahai/dobot_ws/install/nova5_moveit/share/ament_index/resource_index/packages/nova5_moveit
[0.545s] -- Installing: /home/huahai/dobot_ws/install/nova5_moveit/share/nova5_moveit/cmake/nova5_moveitConfig.cmake
[0.545s] -- Installing: /home/huahai/dobot_ws/install/nova5_moveit/share/nova5_moveit/cmake/nova5_moveitConfig-version.cmake
[0.546s] -- Installing: /home/huahai/dobot_ws/install/nova5_moveit/share/nova5_moveit/package.xml
[0.546s] -- Installing: /home/huahai/dobot_ws/install/nova5_moveit/share/nova5_moveit/launch
[0.546s] -- Installing: /home/huahai/dobot_ws/install/nova5_moveit/share/nova5_moveit/launch/moveit_rviz.launch.py
[0.546s] -- Installing: /home/huahai/dobot_ws/install/nova5_moveit/share/nova5_moveit/launch/dobot_moveit.launch.py
[0.546s] -- Installing: /home/huahai/dobot_ws/install/nova5_moveit/share/nova5_moveit/launch/moveit_gazebo.launch.py
[0.547s] -- Installing: /home/huahai/dobot_ws/install/nova5_moveit/share/nova5_moveit/launch/demo.launch.py
[0.547s] -- Installing: /home/huahai/dobot_ws/install/nova5_moveit/share/nova5_moveit/launch/setup_assistant.launch.py
[0.547s] -- Installing: /home/huahai/dobot_ws/install/nova5_moveit/share/nova5_moveit/launch/rsp.launch.py
[0.547s] -- Installing: /home/huahai/dobot_ws/install/nova5_moveit/share/nova5_moveit/launch/static_virtual_joint_tfs.launch.py
[0.547s] -- Installing: /home/huahai/dobot_ws/install/nova5_moveit/share/nova5_moveit/launch/spawn_controllers.launch.py
[0.547s] -- Installing: /home/huahai/dobot_ws/install/nova5_moveit/share/nova5_moveit/launch/move_group.launch.py
[0.547s] -- Installing: /home/huahai/dobot_ws/install/nova5_moveit/share/nova5_moveit/launch/warehouse_db.launch.py
[0.547s] -- Installing: /home/huahai/dobot_ws/install/nova5_moveit/share/nova5_moveit/config
[0.548s] -- Installing: /home/huahai/dobot_ws/install/nova5_moveit/share/nova5_moveit/config/joint_limits.yaml
[0.548s] -- Installing: /home/huahai/dobot_ws/install/nova5_moveit/share/nova5_moveit/config/moveit.rviz
[0.548s] -- Installing: /home/huahai/dobot_ws/install/nova5_moveit/share/nova5_moveit/config/nova5_robot.ros2_control.xacro
[0.548s] -- Installing: /home/huahai/dobot_ws/install/nova5_moveit/share/nova5_moveit/config/nova5_robot.urdf.xacro
[0.548s] -- Installing: /home/huahai/dobot_ws/install/nova5_moveit/share/nova5_moveit/config/pilz_cartesian_limits.yaml
[0.548s] -- Installing: /home/huahai/dobot_ws/install/nova5_moveit/share/nova5_moveit/config/moveit_controllers.yaml
[0.548s] -- Installing: /home/huahai/dobot_ws/install/nova5_moveit/share/nova5_moveit/config/kinematics.yaml
[0.548s] -- Installing: /home/huahai/dobot_ws/install/nova5_moveit/share/nova5_moveit/config/initial_positions.yaml
[0.549s] -- Installing: /home/huahai/dobot_ws/install/nova5_moveit/share/nova5_moveit/config/nova5_robot.srdf
[0.549s] -- Installing: /home/huahai/dobot_ws/install/nova5_moveit/share/nova5_moveit/config/ros2_controllers.yaml
[0.552s] -- Installing: /home/huahai/dobot_ws/install/nova5_moveit/share/nova5_moveit/.setup_assistant
[0.552s] Invoked command in '/home/huahai/dobot_ws/build/nova5_moveit' returned '0': AMENT_PREFIX_PATH=/home/huahai/dobot_ws/install/dobot_rviz:${AMENT_PREFIX_PATH} CMAKE_PREFIX_PATH=/home/huahai/dobot_ws/install/dobot_rviz:/opt/ros/humble /usr/bin/cmake --install /home/huahai/dobot_ws/build/nova5_moveit
