[1.209s] Invoking command in '/home/huahai/dobot_ws/src/DOBOT_6Axis_ROS2_V3/dobot_demo': PYTHONPATH=/home/huahai/dobot_ws/build/dobot_demo/prefix_override:/usr/lib/python3/dist-packages/colcon_core/task/python/colcon_distutils_commands:/home/huahai/dobot_ws/install/dobot_demo/lib/python3.10/site-packages:${PYTHONPATH} /usr/bin/python3 -W ignore:setup.py install is deprecated -W ignore:easy_install command is deprecated setup.py egg_info --egg-base ../../../build/dobot_demo build --build-base /home/huahai/dobot_ws/build/dobot_demo/build install --record /home/huahai/dobot_ws/build/dobot_demo/install.log --single-version-externally-managed install_data
[1.503s] running egg_info
[1.508s] writing ../../../build/dobot_demo/dobot_demo.egg-info/PKG-INFO
[1.509s] writing dependency_links to ../../../build/dobot_demo/dobot_demo.egg-info/dependency_links.txt
[1.510s] writing entry points to ../../../build/dobot_demo/dobot_demo.egg-info/entry_points.txt
[1.510s] writing requirements to ../../../build/dobot_demo/dobot_demo.egg-info/requires.txt
[1.511s] writing top-level names to ../../../build/dobot_demo/dobot_demo.egg-info/top_level.txt
[1.514s] reading manifest file '../../../build/dobot_demo/dobot_demo.egg-info/SOURCES.txt'
[1.516s] writing manifest file '../../../build/dobot_demo/dobot_demo.egg-info/SOURCES.txt'
[1.516s] running build
[1.516s] running build_py
[1.517s] running install
[1.517s] running install_lib
[1.519s] running install_data
[1.519s] running install_egg_info
[1.523s] removing '/home/huahai/dobot_ws/install/dobot_demo/lib/python3.10/site-packages/dobot_demo-0.0.0-py3.10.egg-info' (and everything under it)
[1.524s] Copying ../../../build/dobot_demo/dobot_demo.egg-info to /home/huahai/dobot_ws/install/dobot_demo/lib/python3.10/site-packages/dobot_demo-0.0.0-py3.10.egg-info
[1.526s] running install_scripts
[1.560s] Installing demo script to /home/huahai/dobot_ws/install/dobot_demo/lib/dobot_demo
[1.563s] writing list of installed files to '/home/huahai/dobot_ws/build/dobot_demo/install.log'
[1.607s] Invoked command in '/home/huahai/dobot_ws/src/DOBOT_6Axis_ROS2_V3/dobot_demo' returned '0': PYTHONPATH=/home/huahai/dobot_ws/build/dobot_demo/prefix_override:/usr/lib/python3/dist-packages/colcon_core/task/python/colcon_distutils_commands:/home/huahai/dobot_ws/install/dobot_demo/lib/python3.10/site-packages:${PYTHONPATH} /usr/bin/python3 -W ignore:setup.py install is deprecated -W ignore:easy_install command is deprecated setup.py egg_info --egg-base ../../../build/dobot_demo build --build-base /home/huahai/dobot_ws/build/dobot_demo/build install --record /home/huahai/dobot_ws/build/dobot_demo/install.log --single-version-externally-managed install_data
