running egg_info
writing ../../build/qt_robot_control/qt_robot_control.egg-info/PKG-INFO
writing dependency_links to ../../build/qt_robot_control/qt_robot_control.egg-info/dependency_links.txt
writing entry points to ../../build/qt_robot_control/qt_robot_control.egg-info/entry_points.txt
writing requirements to ../../build/qt_robot_control/qt_robot_control.egg-info/requires.txt
writing top-level names to ../../build/qt_robot_control/qt_robot_control.egg-info/top_level.txt
reading manifest file '../../build/qt_robot_control/qt_robot_control.egg-info/SOURCES.txt'
writing manifest file '../../build/qt_robot_control/qt_robot_control.egg-info/SOURCES.txt'
running build
running build_py
copying qt_robot_control/robot_controller.py -> /home/huahai/dobot_ws/build/qt_robot_control/build/lib/qt_robot_control
running install
running install_lib
copying /home/huahai/dobot_ws/build/qt_robot_control/build/lib/qt_robot_control/robot_controller.py -> /home/huahai/dobot_ws/install/qt_robot_control/lib/python3.10/site-packages/qt_robot_control
byte-compiling /home/huahai/dobot_ws/install/qt_robot_control/lib/python3.10/site-packages/qt_robot_control/robot_controller.py to robot_controller.cpython-310.pyc
running install_data
running install_egg_info
removing '/home/huahai/dobot_ws/install/qt_robot_control/lib/python3.10/site-packages/qt_robot_control-0.0.0-py3.10.egg-info' (and everything under it)
Copying ../../build/qt_robot_control/qt_robot_control.egg-info to /home/huahai/dobot_ws/install/qt_robot_control/lib/python3.10/site-packages/qt_robot_control-0.0.0-py3.10.egg-info
running install_scripts
Installing robot_controller script to /home/huahai/dobot_ws/install/qt_robot_control/lib/qt_robot_control
writing list of installed files to '/home/huahai/dobot_ws/build/qt_robot_control/install.log'
