[0.016s] Invoking command in '/home/huahai/dobot_ws/build/cr16_moveit': AMENT_PREFIX_PATH=/home/huahai/dobot_ws/install/dobot_rviz:${AMENT_PREFIX_PATH} CMAKE_PREFIX_PATH=/home/huahai/dobot_ws/install/dobot_rviz:/opt/ros/humble /usr/bin/cmake /home/huahai/dobot_ws/src/DOBOT_6Axis_ROS2_V3/cr16_moveit -DCMAKE_INSTALL_PREFIX=/home/huahai/dobot_ws/install/cr16_moveit
[0.099s] -- The C compiler identification is GNU 11.4.0
[0.187s] -- The CXX compiler identification is GNU 11.4.0
[0.201s] -- Detecting C compiler ABI info
[0.308s] -- Detecting C compiler ABI info - done
[0.316s] -- Check for working C compiler: /usr/bin/cc - skipped
[0.317s] -- Detecting C compile features
[0.317s] -- Detecting C compile features - done
[0.323s] -- Detecting CXX compiler ABI info
[0.451s] -- Detecting CXX compiler ABI info - done
[0.462s] -- Check for working CXX compiler: /usr/bin/c++ - skipped
[0.462s] -- Detecting CXX compile features
[0.463s] -- Detecting CXX compile features - done
[0.465s] -- Found ament_cmake: 1.3.13 (/opt/ros/humble/share/ament_cmake/cmake)
[0.610s] -- Found Python3: /usr/bin/python3 (found version "3.10.12") found components: Interpreter 
[0.816s] -- Configuring done
[0.819s] -- Generating done
[0.821s] -- Build files have been written to: /home/huahai/dobot_ws/build/cr16_moveit
[0.826s] Invoked command in '/home/huahai/dobot_ws/build/cr16_moveit' returned '0': AMENT_PREFIX_PATH=/home/huahai/dobot_ws/install/dobot_rviz:${AMENT_PREFIX_PATH} CMAKE_PREFIX_PATH=/home/huahai/dobot_ws/install/dobot_rviz:/opt/ros/humble /usr/bin/cmake /home/huahai/dobot_ws/src/DOBOT_6Axis_ROS2_V3/cr16_moveit -DCMAKE_INSTALL_PREFIX=/home/huahai/dobot_ws/install/cr16_moveit
[0.827s] Invoking command in '/home/huahai/dobot_ws/build/cr16_moveit': AMENT_PREFIX_PATH=/home/huahai/dobot_ws/install/dobot_rviz:${AMENT_PREFIX_PATH} CMAKE_PREFIX_PATH=/home/huahai/dobot_ws/install/dobot_rviz:/opt/ros/humble /usr/bin/cmake --build /home/huahai/dobot_ws/build/cr16_moveit -- -j2 -l2
[0.892s] Invoked command in '/home/huahai/dobot_ws/build/cr16_moveit' returned '0': AMENT_PREFIX_PATH=/home/huahai/dobot_ws/install/dobot_rviz:${AMENT_PREFIX_PATH} CMAKE_PREFIX_PATH=/home/huahai/dobot_ws/install/dobot_rviz:/opt/ros/humble /usr/bin/cmake --build /home/huahai/dobot_ws/build/cr16_moveit -- -j2 -l2
[0.893s] Invoking command in '/home/huahai/dobot_ws/build/cr16_moveit': AMENT_PREFIX_PATH=/home/huahai/dobot_ws/install/dobot_rviz:${AMENT_PREFIX_PATH} CMAKE_PREFIX_PATH=/home/huahai/dobot_ws/install/dobot_rviz:/opt/ros/humble /usr/bin/cmake --install /home/huahai/dobot_ws/build/cr16_moveit
[0.906s] -- Install configuration: ""
[0.906s] -- Installing: /home/huahai/dobot_ws/install/cr16_moveit/share/ament_index/resource_index/package_run_dependencies/cr16_moveit
[0.906s] -- Installing: /home/huahai/dobot_ws/install/cr16_moveit/share/ament_index/resource_index/parent_prefix_path/cr16_moveit
[0.906s] -- Installing: /home/huahai/dobot_ws/install/cr16_moveit/share/cr16_moveit/environment/ament_prefix_path.sh
[0.907s] -- Installing: /home/huahai/dobot_ws/install/cr16_moveit/share/cr16_moveit/environment/ament_prefix_path.dsv
[0.907s] -- Installing: /home/huahai/dobot_ws/install/cr16_moveit/share/cr16_moveit/environment/path.sh
[0.907s] -- Installing: /home/huahai/dobot_ws/install/cr16_moveit/share/cr16_moveit/environment/path.dsv
[0.907s] -- Installing: /home/huahai/dobot_ws/install/cr16_moveit/share/cr16_moveit/local_setup.bash
[0.907s] -- Installing: /home/huahai/dobot_ws/install/cr16_moveit/share/cr16_moveit/local_setup.sh
[0.907s] -- Installing: /home/huahai/dobot_ws/install/cr16_moveit/share/cr16_moveit/local_setup.zsh
[0.907s] -- Installing: /home/huahai/dobot_ws/install/cr16_moveit/share/cr16_moveit/local_setup.dsv
[0.907s] -- Installing: /home/huahai/dobot_ws/install/cr16_moveit/share/cr16_moveit/package.dsv
[0.907s] -- Installing: /home/huahai/dobot_ws/install/cr16_moveit/share/ament_index/resource_index/packages/cr16_moveit
[0.907s] -- Installing: /home/huahai/dobot_ws/install/cr16_moveit/share/cr16_moveit/cmake/cr16_moveitConfig.cmake
[0.907s] -- Installing: /home/huahai/dobot_ws/install/cr16_moveit/share/cr16_moveit/cmake/cr16_moveitConfig-version.cmake
[0.907s] -- Installing: /home/huahai/dobot_ws/install/cr16_moveit/share/cr16_moveit/package.xml
[0.909s] -- Installing: /home/huahai/dobot_ws/install/cr16_moveit/share/cr16_moveit/launch
[0.910s] -- Installing: /home/huahai/dobot_ws/install/cr16_moveit/share/cr16_moveit/launch/moveit_rviz.launch.py
[0.910s] -- Installing: /home/huahai/dobot_ws/install/cr16_moveit/share/cr16_moveit/launch/dobot_moveit.launch.py
[0.910s] -- Installing: /home/huahai/dobot_ws/install/cr16_moveit/share/cr16_moveit/launch/moveit_gazebo.launch.py
[0.910s] -- Installing: /home/huahai/dobot_ws/install/cr16_moveit/share/cr16_moveit/launch/demo.launch.py
[0.910s] -- Installing: /home/huahai/dobot_ws/install/cr16_moveit/share/cr16_moveit/launch/setup_assistant.launch.py
[0.910s] -- Installing: /home/huahai/dobot_ws/install/cr16_moveit/share/cr16_moveit/launch/rsp.launch.py
[0.910s] -- Installing: /home/huahai/dobot_ws/install/cr16_moveit/share/cr16_moveit/launch/static_virtual_joint_tfs.launch.py
[0.910s] -- Installing: /home/huahai/dobot_ws/install/cr16_moveit/share/cr16_moveit/launch/spawn_controllers.launch.py
[0.910s] -- Installing: /home/huahai/dobot_ws/install/cr16_moveit/share/cr16_moveit/launch/move_group.launch.py
[0.910s] -- Installing: /home/huahai/dobot_ws/install/cr16_moveit/share/cr16_moveit/launch/warehouse_db.launch.py
[0.910s] -- Installing: /home/huahai/dobot_ws/install/cr16_moveit/share/cr16_moveit/config
[0.910s] -- Installing: /home/huahai/dobot_ws/install/cr16_moveit/share/cr16_moveit/config/joint_limits.yaml
[0.910s] -- Installing: /home/huahai/dobot_ws/install/cr16_moveit/share/cr16_moveit/config/moveit.rviz
[0.910s] -- Installing: /home/huahai/dobot_ws/install/cr16_moveit/share/cr16_moveit/config/cr16_robot.ros2_control.xacro
[0.910s] -- Installing: /home/huahai/dobot_ws/install/cr16_moveit/share/cr16_moveit/config/pilz_cartesian_limits.yaml
[0.910s] -- Installing: /home/huahai/dobot_ws/install/cr16_moveit/share/cr16_moveit/config/cr16_robot.urdf.xacro
[0.910s] -- Installing: /home/huahai/dobot_ws/install/cr16_moveit/share/cr16_moveit/config/moveit_controllers.yaml
[0.910s] -- Installing: /home/huahai/dobot_ws/install/cr16_moveit/share/cr16_moveit/config/kinematics.yaml
[0.910s] -- Installing: /home/huahai/dobot_ws/install/cr16_moveit/share/cr16_moveit/config/initial_positions.yaml
[0.910s] -- Installing: /home/huahai/dobot_ws/install/cr16_moveit/share/cr16_moveit/config/ros2_controllers.yaml
[0.911s] -- Installing: /home/huahai/dobot_ws/install/cr16_moveit/share/cr16_moveit/config/cr16_robot.srdf
[0.911s] -- Installing: /home/huahai/dobot_ws/install/cr16_moveit/share/cr16_moveit/.setup_assistant
[0.915s] Invoked command in '/home/huahai/dobot_ws/build/cr16_moveit' returned '0': AMENT_PREFIX_PATH=/home/huahai/dobot_ws/install/dobot_rviz:${AMENT_PREFIX_PATH} CMAKE_PREFIX_PATH=/home/huahai/dobot_ws/install/dobot_rviz:/opt/ros/humble /usr/bin/cmake --install /home/huahai/dobot_ws/build/cr16_moveit
