[1.138s] Invoking command in '/home/huahai/dobot_ws/src/DOBOT_6Axis_ROS2_V3/dobot_demo': PYTHONPATH=/home/huahai/dobot_ws/build/dobot_demo/prefix_override:/usr/lib/python3/dist-packages/colcon_core/task/python/colcon_distutils_commands:/home/huahai/dobot_ws/install/dobot_demo/lib/python3.10/site-packages:${PYTHONPATH} /usr/bin/python3 -W ignore:setup.py install is deprecated -W ignore:easy_install command is deprecated setup.py egg_info --egg-base ../../../build/dobot_demo build --build-base /home/huahai/dobot_ws/build/dobot_demo/build install --record /home/huahai/dobot_ws/build/dobot_demo/install.log --single-version-externally-managed install_data
[1.445s] running egg_info
[1.445s] writing ../../../build/dobot_demo/dobot_demo.egg-info/PKG-INFO
[1.446s] writing dependency_links to ../../../build/dobot_demo/dobot_demo.egg-info/dependency_links.txt
[1.446s] writing entry points to ../../../build/dobot_demo/dobot_demo.egg-info/entry_points.txt
[1.447s] writing requirements to ../../../build/dobot_demo/dobot_demo.egg-info/requires.txt
[1.447s] writing top-level names to ../../../build/dobot_demo/dobot_demo.egg-info/top_level.txt
[1.449s] reading manifest file '../../../build/dobot_demo/dobot_demo.egg-info/SOURCES.txt'
[1.450s] writing manifest file '../../../build/dobot_demo/dobot_demo.egg-info/SOURCES.txt'
[1.451s] running build
[1.452s] running build_py
[1.452s] running install
[1.453s] running install_lib
[1.455s] running install_data
[1.455s] running install_egg_info
[1.456s] removing '/home/huahai/dobot_ws/install/dobot_demo/lib/python3.10/site-packages/dobot_demo-0.0.0-py3.10.egg-info' (and everything under it)
[1.458s] Copying ../../../build/dobot_demo/dobot_demo.egg-info to /home/huahai/dobot_ws/install/dobot_demo/lib/python3.10/site-packages/dobot_demo-0.0.0-py3.10.egg-info
[1.460s] running install_scripts
[1.478s] Installing demo script to /home/huahai/dobot_ws/install/dobot_demo/lib/dobot_demo
[1.478s] writing list of installed files to '/home/huahai/dobot_ws/build/dobot_demo/install.log'
[1.506s] Invoked command in '/home/huahai/dobot_ws/src/DOBOT_6Axis_ROS2_V3/dobot_demo' returned '0': PYTHONPATH=/home/huahai/dobot_ws/build/dobot_demo/prefix_override:/usr/lib/python3/dist-packages/colcon_core/task/python/colcon_distutils_commands:/home/huahai/dobot_ws/install/dobot_demo/lib/python3.10/site-packages:${PYTHONPATH} /usr/bin/python3 -W ignore:setup.py install is deprecated -W ignore:easy_install command is deprecated setup.py egg_info --egg-base ../../../build/dobot_demo build --build-base /home/huahai/dobot_ws/build/dobot_demo/build install --record /home/huahai/dobot_ws/build/dobot_demo/install.log --single-version-externally-managed install_data
