[0.017s] Invoking command in '/home/huahai/dobot_ws/build/dobot_gazebo': CMAKE_PREFIX_PATH=/home/huahai/dobot_ws/install/cra_description:/home/huahai/dobot_ws/install/nova5_moveit:/home/huahai/dobot_ws/install/nova2_moveit:/home/huahai/dobot_ws/install/cr7_moveit:/home/huahai/dobot_ws/install/cr5_moveit:/home/huahai/dobot_ws/install/cr3_moveit:/home/huahai/dobot_ws/install/cr16_moveit:/home/huahai/dobot_ws/install/cr12_moveit:/home/huahai/dobot_ws/install/cr10_moveit:/home/huahai/dobot_ws/install/dobot_rviz:/home/huahai/dobot_ws/install/dobot_msgs_v3:/home/huahai/dobot_ws/install/dobot_gazebo:/home/huahai/dobot_ws/install/robot_control_api:/home/huahai/dobot_ws/install/qt_robot_control:/home/huahai/dobot_ws/install/servo_action:/home/huahai/dobot_ws/install/dobot_bringup_v3:/home/huahai/dobot_ws/install/dobot_moveit:/home/huahai/dobot_ws/install/dobot_demo:/opt/ros/humble /usr/bin/cmake --build /home/huahai/dobot_ws/build/dobot_gazebo -- -j2 -l2
[0.076s] Invoked command in '/home/huahai/dobot_ws/build/dobot_gazebo' returned '0': CMAKE_PREFIX_PATH=/home/huahai/dobot_ws/install/cra_description:/home/huahai/dobot_ws/install/nova5_moveit:/home/huahai/dobot_ws/install/nova2_moveit:/home/huahai/dobot_ws/install/cr7_moveit:/home/huahai/dobot_ws/install/cr5_moveit:/home/huahai/dobot_ws/install/cr3_moveit:/home/huahai/dobot_ws/install/cr16_moveit:/home/huahai/dobot_ws/install/cr12_moveit:/home/huahai/dobot_ws/install/cr10_moveit:/home/huahai/dobot_ws/install/dobot_rviz:/home/huahai/dobot_ws/install/dobot_msgs_v3:/home/huahai/dobot_ws/install/dobot_gazebo:/home/huahai/dobot_ws/install/robot_control_api:/home/huahai/dobot_ws/install/qt_robot_control:/home/huahai/dobot_ws/install/servo_action:/home/huahai/dobot_ws/install/dobot_bringup_v3:/home/huahai/dobot_ws/install/dobot_moveit:/home/huahai/dobot_ws/install/dobot_demo:/opt/ros/humble /usr/bin/cmake --build /home/huahai/dobot_ws/build/dobot_gazebo -- -j2 -l2
[0.080s] Invoking command in '/home/huahai/dobot_ws/build/dobot_gazebo': CMAKE_PREFIX_PATH=/home/huahai/dobot_ws/install/cra_description:/home/huahai/dobot_ws/install/nova5_moveit:/home/huahai/dobot_ws/install/nova2_moveit:/home/huahai/dobot_ws/install/cr7_moveit:/home/huahai/dobot_ws/install/cr5_moveit:/home/huahai/dobot_ws/install/cr3_moveit:/home/huahai/dobot_ws/install/cr16_moveit:/home/huahai/dobot_ws/install/cr12_moveit:/home/huahai/dobot_ws/install/cr10_moveit:/home/huahai/dobot_ws/install/dobot_rviz:/home/huahai/dobot_ws/install/dobot_msgs_v3:/home/huahai/dobot_ws/install/dobot_gazebo:/home/huahai/dobot_ws/install/robot_control_api:/home/huahai/dobot_ws/install/qt_robot_control:/home/huahai/dobot_ws/install/servo_action:/home/huahai/dobot_ws/install/dobot_bringup_v3:/home/huahai/dobot_ws/install/dobot_moveit:/home/huahai/dobot_ws/install/dobot_demo:/opt/ros/humble /usr/bin/cmake --install /home/huahai/dobot_ws/build/dobot_gazebo
[0.088s] -- Install configuration: ""
[0.089s] -- Up-to-date: /home/huahai/dobot_ws/install/dobot_gazebo/share/dobot_gazebo/launch
[0.090s] -- Up-to-date: /home/huahai/dobot_ws/install/dobot_gazebo/share/dobot_gazebo/launch/gazebo_moveit.launch.py
[0.090s] -- Up-to-date: /home/huahai/dobot_ws/install/dobot_gazebo/share/dobot_gazebo/launch/dobot_gazebo.launch.py
[0.091s] -- Up-to-date: /home/huahai/dobot_ws/install/dobot_gazebo/share/dobot_gazebo/worlds
[0.091s] -- Up-to-date: /home/huahai/dobot_ws/install/dobot_gazebo/share/dobot_gazebo/worlds/ur10.world
[0.091s] -- Up-to-date: /home/huahai/dobot_ws/install/dobot_gazebo/share/dobot_gazebo/config
[0.091s] -- Up-to-date: /home/huahai/dobot_ws/install/dobot_gazebo/share/dobot_gazebo/config/moveitcpp.rviz
[0.091s] -- Up-to-date: /home/huahai/dobot_ws/install/dobot_gazebo/share/ament_index/resource_index/package_run_dependencies/dobot_gazebo
[0.091s] -- Up-to-date: /home/huahai/dobot_ws/install/dobot_gazebo/share/ament_index/resource_index/parent_prefix_path/dobot_gazebo
[0.091s] -- Up-to-date: /home/huahai/dobot_ws/install/dobot_gazebo/share/dobot_gazebo/environment/ament_prefix_path.sh
[0.091s] -- Up-to-date: /home/huahai/dobot_ws/install/dobot_gazebo/share/dobot_gazebo/environment/ament_prefix_path.dsv
[0.091s] -- Up-to-date: /home/huahai/dobot_ws/install/dobot_gazebo/share/dobot_gazebo/environment/path.sh
[0.093s] -- Up-to-date: /home/huahai/dobot_ws/install/dobot_gazebo/share/dobot_gazebo/environment/path.dsv
[0.093s] -- Up-to-date: /home/huahai/dobot_ws/install/dobot_gazebo/share/dobot_gazebo/local_setup.bash
[0.093s] -- Up-to-date: /home/huahai/dobot_ws/install/dobot_gazebo/share/dobot_gazebo/local_setup.sh
[0.094s] -- Up-to-date: /home/huahai/dobot_ws/install/dobot_gazebo/share/dobot_gazebo/local_setup.zsh
[0.094s] -- Up-to-date: /home/huahai/dobot_ws/install/dobot_gazebo/share/dobot_gazebo/local_setup.dsv
[0.094s] -- Installing: /home/huahai/dobot_ws/install/dobot_gazebo/share/dobot_gazebo/package.dsv
[0.094s] -- Up-to-date: /home/huahai/dobot_ws/install/dobot_gazebo/share/ament_index/resource_index/packages/dobot_gazebo
[0.094s] -- Up-to-date: /home/huahai/dobot_ws/install/dobot_gazebo/share/dobot_gazebo/cmake/dobot_gazeboConfig.cmake
[0.094s] -- Up-to-date: /home/huahai/dobot_ws/install/dobot_gazebo/share/dobot_gazebo/cmake/dobot_gazeboConfig-version.cmake
[0.094s] -- Up-to-date: /home/huahai/dobot_ws/install/dobot_gazebo/share/dobot_gazebo/package.xml
[0.097s] Invoked command in '/home/huahai/dobot_ws/build/dobot_gazebo' returned '0': CMAKE_PREFIX_PATH=/home/huahai/dobot_ws/install/cra_description:/home/huahai/dobot_ws/install/nova5_moveit:/home/huahai/dobot_ws/install/nova2_moveit:/home/huahai/dobot_ws/install/cr7_moveit:/home/huahai/dobot_ws/install/cr5_moveit:/home/huahai/dobot_ws/install/cr3_moveit:/home/huahai/dobot_ws/install/cr16_moveit:/home/huahai/dobot_ws/install/cr12_moveit:/home/huahai/dobot_ws/install/cr10_moveit:/home/huahai/dobot_ws/install/dobot_rviz:/home/huahai/dobot_ws/install/dobot_msgs_v3:/home/huahai/dobot_ws/install/dobot_gazebo:/home/huahai/dobot_ws/install/robot_control_api:/home/huahai/dobot_ws/install/qt_robot_control:/home/huahai/dobot_ws/install/servo_action:/home/huahai/dobot_ws/install/dobot_bringup_v3:/home/huahai/dobot_ws/install/dobot_moveit:/home/huahai/dobot_ws/install/dobot_demo:/opt/ros/humble /usr/bin/cmake --install /home/huahai/dobot_ws/build/dobot_gazebo
