[2.348s] Invoking command in '/home/huahai/dobot_ws/src/hand_tracking': PYTHONPATH=/home/huahai/dobot_ws/build/hand_tracking/prefix_override:/usr/lib/python3/dist-packages/colcon_core/task/python/colcon_distutils_commands:/home/huahai/dobot_ws/install/hand_tracking/lib/python3.10/site-packages:${PYTHONPATH} /usr/bin/python3 -W ignore:setup.py install is deprecated -W ignore:easy_install command is deprecated setup.py egg_info --egg-base ../../build/hand_tracking build --build-base /home/huahai/dobot_ws/build/hand_tracking/build install --record /home/huahai/dobot_ws/build/hand_tracking/install.log --single-version-externally-managed install_data
[2.804s] running egg_info
[2.804s] writing ../../build/hand_tracking/hand_tracking.egg-info/PKG-INFO
[2.805s] writing dependency_links to ../../build/hand_tracking/hand_tracking.egg-info/dependency_links.txt
[2.805s] writing entry points to ../../build/hand_tracking/hand_tracking.egg-info/entry_points.txt
[2.805s] writing requirements to ../../build/hand_tracking/hand_tracking.egg-info/requires.txt
[2.805s] writing top-level names to ../../build/hand_tracking/hand_tracking.egg-info/top_level.txt
[2.805s] reading manifest file '../../build/hand_tracking/hand_tracking.egg-info/SOURCES.txt'
[2.805s] writing manifest file '../../build/hand_tracking/hand_tracking.egg-info/SOURCES.txt'
[2.805s] running build
[2.805s] running build_py
[2.805s] copying hand_tracking/nova5_ik_node.py -> /home/huahai/dobot_ws/build/hand_tracking/build/lib/hand_tracking
[2.812s] running install
[2.812s] running install_lib
[2.812s] copying /home/huahai/dobot_ws/build/hand_tracking/build/lib/hand_tracking/nova5_ik_node.py -> /home/huahai/dobot_ws/install/hand_tracking/lib/python3.10/site-packages/hand_tracking
[2.812s] byte-compiling /home/huahai/dobot_ws/install/hand_tracking/lib/python3.10/site-packages/hand_tracking/nova5_ik_node.py to nova5_ik_node.cpython-310.pyc
[2.819s] running install_data
[2.819s] running install_egg_info
[2.823s] removing '/home/huahai/dobot_ws/install/hand_tracking/lib/python3.10/site-packages/hand_tracking-0.0.0-py3.10.egg-info' (and everything under it)
[2.823s] Copying ../../build/hand_tracking/hand_tracking.egg-info to /home/huahai/dobot_ws/install/hand_tracking/lib/python3.10/site-packages/hand_tracking-0.0.0-py3.10.egg-info
[2.826s] running install_scripts
[2.855s] Installing hand_tracking_3d_node script to /home/huahai/dobot_ws/install/hand_tracking/lib/hand_tracking
[2.860s] Installing hand_tracking_node script to /home/huahai/dobot_ws/install/hand_tracking/lib/hand_tracking
[2.860s] Installing hand_tracking_robot_node script to /home/huahai/dobot_ws/install/hand_tracking/lib/hand_tracking
[2.860s] Installing nova5_ik_node script to /home/huahai/dobot_ws/install/hand_tracking/lib/hand_tracking
[2.863s] writing list of installed files to '/home/huahai/dobot_ws/build/hand_tracking/install.log'
[2.892s] Invoked command in '/home/huahai/dobot_ws/src/hand_tracking' returned '0': PYTHONPATH=/home/huahai/dobot_ws/build/hand_tracking/prefix_override:/usr/lib/python3/dist-packages/colcon_core/task/python/colcon_distutils_commands:/home/huahai/dobot_ws/install/hand_tracking/lib/python3.10/site-packages:${PYTHONPATH} /usr/bin/python3 -W ignore:setup.py install is deprecated -W ignore:easy_install command is deprecated setup.py egg_info --egg-base ../../build/hand_tracking build --build-base /home/huahai/dobot_ws/build/hand_tracking/build install --record /home/huahai/dobot_ws/build/hand_tracking/install.log --single-version-externally-managed install_data
