/home/huahai/dobot_ws/install/hand_tracking/lib/python3.10/site-packages/hand_tracking/__init__.py
/home/huahai/dobot_ws/install/hand_tracking/lib/python3.10/site-packages/hand_tracking/hand_tracking_node.py
/home/huahai/dobot_ws/install/hand_tracking/lib/python3.10/site-packages/hand_tracking/hand_tracking_3d_node.py
/home/huahai/dobot_ws/install/hand_tracking/lib/python3.10/site-packages/hand_tracking/nova5_ik_node.py
/home/huahai/dobot_ws/install/hand_tracking/lib/python3.10/site-packages/hand_tracking/hand_tracking_robot_node.py
/home/huahai/dobot_ws/install/hand_tracking/lib/python3.10/site-packages/hand_tracking/__pycache__/__init__.cpython-310.pyc
/home/huahai/dobot_ws/install/hand_tracking/lib/python3.10/site-packages/hand_tracking/__pycache__/hand_tracking_node.cpython-310.pyc
/home/huahai/dobot_ws/install/hand_tracking/lib/python3.10/site-packages/hand_tracking/__pycache__/hand_tracking_3d_node.cpython-310.pyc
/home/huahai/dobot_ws/install/hand_tracking/lib/python3.10/site-packages/hand_tracking/__pycache__/nova5_ik_node.cpython-310.pyc
/home/huahai/dobot_ws/install/hand_tracking/lib/python3.10/site-packages/hand_tracking/__pycache__/hand_tracking_robot_node.cpython-310.pyc
/home/huahai/dobot_ws/install/hand_tracking/share/ament_index/resource_index/packages/hand_tracking
/home/huahai/dobot_ws/install/hand_tracking/share/hand_tracking/package.xml
/home/huahai/dobot_ws/install/hand_tracking/lib/python3.10/site-packages/hand_tracking-0.0.0-py3.10.egg-info/requires.txt
/home/huahai/dobot_ws/install/hand_tracking/lib/python3.10/site-packages/hand_tracking-0.0.0-py3.10.egg-info/zip-safe
/home/huahai/dobot_ws/install/hand_tracking/lib/python3.10/site-packages/hand_tracking-0.0.0-py3.10.egg-info/entry_points.txt
/home/huahai/dobot_ws/install/hand_tracking/lib/python3.10/site-packages/hand_tracking-0.0.0-py3.10.egg-info/SOURCES.txt
/home/huahai/dobot_ws/install/hand_tracking/lib/python3.10/site-packages/hand_tracking-0.0.0-py3.10.egg-info/top_level.txt
/home/huahai/dobot_ws/install/hand_tracking/lib/python3.10/site-packages/hand_tracking-0.0.0-py3.10.egg-info/dependency_links.txt
/home/huahai/dobot_ws/install/hand_tracking/lib/python3.10/site-packages/hand_tracking-0.0.0-py3.10.egg-info/PKG-INFO
/home/huahai/dobot_ws/install/hand_tracking/lib/hand_tracking/hand_tracking_3d_node
/home/huahai/dobot_ws/install/hand_tracking/lib/hand_tracking/hand_tracking_node
/home/huahai/dobot_ws/install/hand_tracking/lib/hand_tracking/hand_tracking_robot_node
/home/huahai/dobot_ws/install/hand_tracking/lib/hand_tracking/nova5_ik_node
