[0.009s] Invoking command in '/home/huahai/dobot_ws/build/cr7_moveit': AMENT_PREFIX_PATH=/home/huahai/dobot_ws/install/dobot_rviz:${AMENT_PREFIX_PATH} CMAKE_PREFIX_PATH=/home/huahai/dobot_ws/install/dobot_rviz:/opt/ros/humble /usr/bin/cmake /home/huahai/dobot_ws/src/DOBOT_6Axis_ROS2_V3/cr7_moveit -DCMAKE_INSTALL_PREFIX=/home/huahai/dobot_ws/install/cr7_moveit
[0.051s] -- The C compiler identification is GNU 11.4.0
[0.091s] -- The CXX compiler identification is GNU 11.4.0
[0.097s] -- Detecting C compiler ABI info
[0.156s] -- Detecting C compiler ABI info - done
[0.161s] -- Check for working C compiler: /usr/bin/cc - skipped
[0.161s] -- Detecting C compile features
[0.164s] -- Detecting C compile features - done
[0.166s] -- Detecting CXX compiler ABI info
[0.229s] -- Detecting CXX compiler ABI info - done
[0.233s] -- Check for working CXX compiler: /usr/bin/c++ - skipped
[0.233s] -- Detecting CXX compile features
[0.235s] -- Detecting CXX compile features - done
[0.236s] -- Found ament_cmake: 1.3.13 (/opt/ros/humble/share/ament_cmake/cmake)
[0.359s] -- Found Python3: /usr/bin/python3 (found version "3.10.12") found components: Interpreter 
[0.580s] -- Configuring done
[0.583s] -- Generating done
[0.583s] -- Build files have been written to: /home/huahai/dobot_ws/build/cr7_moveit
[0.591s] Invoked command in '/home/huahai/dobot_ws/build/cr7_moveit' returned '0': AMENT_PREFIX_PATH=/home/huahai/dobot_ws/install/dobot_rviz:${AMENT_PREFIX_PATH} CMAKE_PREFIX_PATH=/home/huahai/dobot_ws/install/dobot_rviz:/opt/ros/humble /usr/bin/cmake /home/huahai/dobot_ws/src/DOBOT_6Axis_ROS2_V3/cr7_moveit -DCMAKE_INSTALL_PREFIX=/home/huahai/dobot_ws/install/cr7_moveit
[0.594s] Invoking command in '/home/huahai/dobot_ws/build/cr7_moveit': AMENT_PREFIX_PATH=/home/huahai/dobot_ws/install/dobot_rviz:${AMENT_PREFIX_PATH} CMAKE_PREFIX_PATH=/home/huahai/dobot_ws/install/dobot_rviz:/opt/ros/humble /usr/bin/cmake --build /home/huahai/dobot_ws/build/cr7_moveit -- -j2 -l2
[0.665s] Invoked command in '/home/huahai/dobot_ws/build/cr7_moveit' returned '0': AMENT_PREFIX_PATH=/home/huahai/dobot_ws/install/dobot_rviz:${AMENT_PREFIX_PATH} CMAKE_PREFIX_PATH=/home/huahai/dobot_ws/install/dobot_rviz:/opt/ros/humble /usr/bin/cmake --build /home/huahai/dobot_ws/build/cr7_moveit -- -j2 -l2
[0.665s] Invoking command in '/home/huahai/dobot_ws/build/cr7_moveit': AMENT_PREFIX_PATH=/home/huahai/dobot_ws/install/dobot_rviz:${AMENT_PREFIX_PATH} CMAKE_PREFIX_PATH=/home/huahai/dobot_ws/install/dobot_rviz:/opt/ros/humble /usr/bin/cmake --install /home/huahai/dobot_ws/build/cr7_moveit
[0.677s] -- Install configuration: ""
[0.677s] -- Installing: /home/huahai/dobot_ws/install/cr7_moveit/share/ament_index/resource_index/package_run_dependencies/cr7_moveit
[0.677s] -- Installing: /home/huahai/dobot_ws/install/cr7_moveit/share/ament_index/resource_index/parent_prefix_path/cr7_moveit
[0.677s] -- Installing: /home/huahai/dobot_ws/install/cr7_moveit/share/cr7_moveit/environment/ament_prefix_path.sh
[0.677s] -- Installing: /home/huahai/dobot_ws/install/cr7_moveit/share/cr7_moveit/environment/ament_prefix_path.dsv
[0.677s] -- Installing: /home/huahai/dobot_ws/install/cr7_moveit/share/cr7_moveit/environment/path.sh
[0.677s] -- Installing: /home/huahai/dobot_ws/install/cr7_moveit/share/cr7_moveit/environment/path.dsv
[0.678s] -- Installing: /home/huahai/dobot_ws/install/cr7_moveit/share/cr7_moveit/local_setup.bash
[0.678s] -- Installing: /home/huahai/dobot_ws/install/cr7_moveit/share/cr7_moveit/local_setup.sh
[0.678s] -- Installing: /home/huahai/dobot_ws/install/cr7_moveit/share/cr7_moveit/local_setup.zsh
[0.678s] -- Installing: /home/huahai/dobot_ws/install/cr7_moveit/share/cr7_moveit/local_setup.dsv
[0.678s] -- Installing: /home/huahai/dobot_ws/install/cr7_moveit/share/cr7_moveit/package.dsv
[0.678s] -- Installing: /home/huahai/dobot_ws/install/cr7_moveit/share/ament_index/resource_index/packages/cr7_moveit
[0.678s] -- Installing: /home/huahai/dobot_ws/install/cr7_moveit/share/cr7_moveit/cmake/cr7_moveitConfig.cmake
[0.682s] -- Installing: /home/huahai/dobot_ws/install/cr7_moveit/share/cr7_moveit/cmake/cr7_moveitConfig-version.cmake
[0.682s] -- Installing: /home/huahai/dobot_ws/install/cr7_moveit/share/cr7_moveit/package.xml
[0.682s] -- Installing: /home/huahai/dobot_ws/install/cr7_moveit/share/cr7_moveit/launch
[0.682s] -- Installing: /home/huahai/dobot_ws/install/cr7_moveit/share/cr7_moveit/launch/moveit_rviz.launch.py
[0.682s] -- Installing: /home/huahai/dobot_ws/install/cr7_moveit/share/cr7_moveit/launch/dobot_moveit.launch.py
[0.682s] -- Installing: /home/huahai/dobot_ws/install/cr7_moveit/share/cr7_moveit/launch/moveit_gazebo.launch.py
[0.682s] -- Installing: /home/huahai/dobot_ws/install/cr7_moveit/share/cr7_moveit/launch/demo.launch.py
[0.682s] -- Installing: /home/huahai/dobot_ws/install/cr7_moveit/share/cr7_moveit/launch/setup_assistant.launch.py
[0.682s] -- Installing: /home/huahai/dobot_ws/install/cr7_moveit/share/cr7_moveit/launch/rsp.launch.py
[0.682s] -- Installing: /home/huahai/dobot_ws/install/cr7_moveit/share/cr7_moveit/launch/static_virtual_joint_tfs.launch.py
[0.682s] -- Installing: /home/huahai/dobot_ws/install/cr7_moveit/share/cr7_moveit/launch/spawn_controllers.launch.py
[0.682s] -- Installing: /home/huahai/dobot_ws/install/cr7_moveit/share/cr7_moveit/launch/move_group.launch.py
[0.682s] -- Installing: /home/huahai/dobot_ws/install/cr7_moveit/share/cr7_moveit/launch/warehouse_db.launch.py
[0.682s] -- Installing: /home/huahai/dobot_ws/install/cr7_moveit/share/cr7_moveit/config
[0.682s] -- Installing: /home/huahai/dobot_ws/install/cr7_moveit/share/cr7_moveit/config/joint_limits.yaml
[0.682s] -- Installing: /home/huahai/dobot_ws/install/cr7_moveit/share/cr7_moveit/config/cr7_robot.urdf.xacro
[0.682s] -- Installing: /home/huahai/dobot_ws/install/cr7_moveit/share/cr7_moveit/config/moveit.rviz
[0.682s] -- Installing: /home/huahai/dobot_ws/install/cr7_moveit/share/cr7_moveit/config/pilz_cartesian_limits.yaml
[0.682s] -- Installing: /home/huahai/dobot_ws/install/cr7_moveit/share/cr7_moveit/config/moveit_controllers.yaml
[0.682s] -- Installing: /home/huahai/dobot_ws/install/cr7_moveit/share/cr7_moveit/config/kinematics.yaml
[0.683s] -- Installing: /home/huahai/dobot_ws/install/cr7_moveit/share/cr7_moveit/config/cr7_robot.ros2_control.xacro
[0.683s] -- Installing: /home/huahai/dobot_ws/install/cr7_moveit/share/cr7_moveit/config/initial_positions.yaml
[0.683s] -- Installing: /home/huahai/dobot_ws/install/cr7_moveit/share/cr7_moveit/config/cr7_robot.srdf
[0.683s] -- Installing: /home/huahai/dobot_ws/install/cr7_moveit/share/cr7_moveit/config/ros2_controllers.yaml
[0.683s] -- Installing: /home/huahai/dobot_ws/install/cr7_moveit/share/cr7_moveit/.setup_assistant
[0.689s] Invoked command in '/home/huahai/dobot_ws/build/cr7_moveit' returned '0': AMENT_PREFIX_PATH=/home/huahai/dobot_ws/install/dobot_rviz:${AMENT_PREFIX_PATH} CMAKE_PREFIX_PATH=/home/huahai/dobot_ws/install/dobot_rviz:/opt/ros/humble /usr/bin/cmake --install /home/huahai/dobot_ws/build/cr7_moveit
