[0.687s] Invoking command in '/home/huahai/dobot_ws/src/DOBOT_6Axis_ROS2_V3/servo_action': PYTHONPATH=/home/huahai/dobot_ws/build/servo_action/prefix_override:/usr/lib/python3/dist-packages/colcon_core/task/python/colcon_distutils_commands:/home/huahai/dobot_ws/install/servo_action/lib/python3.10/site-packages:${PYTHONPATH} /usr/bin/python3 -W ignore:setup.py install is deprecated -W ignore:easy_install command is deprecated setup.py egg_info --egg-base ../../../build/servo_action build --build-base /home/huahai/dobot_ws/build/servo_action/build install --record /home/huahai/dobot_ws/build/servo_action/install.log --single-version-externally-managed install_data
[0.966s] running egg_info
[0.967s] writing ../../../build/servo_action/servo_action.egg-info/PKG-INFO
[0.968s] writing dependency_links to ../../../build/servo_action/servo_action.egg-info/dependency_links.txt
[0.968s] writing entry points to ../../../build/servo_action/servo_action.egg-info/entry_points.txt
[0.968s] writing requirements to ../../../build/servo_action/servo_action.egg-info/requires.txt
[0.969s] writing top-level names to ../../../build/servo_action/servo_action.egg-info/top_level.txt
[0.969s] reading manifest file '../../../build/servo_action/servo_action.egg-info/SOURCES.txt'
[0.971s] writing manifest file '../../../build/servo_action/servo_action.egg-info/SOURCES.txt'
[0.971s] running build
[0.971s] running build_py
[0.972s] running install
[0.972s] running install_lib
[0.972s] running install_data
[0.972s] running install_egg_info
[0.976s] removing '/home/huahai/dobot_ws/install/servo_action/lib/python3.10/site-packages/servo_action-0.0.0-py3.10.egg-info' (and everything under it)
[0.979s] Copying ../../../build/servo_action/servo_action.egg-info to /home/huahai/dobot_ws/install/servo_action/lib/python3.10/site-packages/servo_action-0.0.0-py3.10.egg-info
[0.983s] running install_scripts
[0.999s] Installing Joint_Position script to /home/huahai/dobot_ws/install/servo_action/lib/servo_action
[0.999s] Installing action_move_client script to /home/huahai/dobot_ws/install/servo_action/lib/servo_action
[1.000s] writing list of installed files to '/home/huahai/dobot_ws/build/servo_action/install.log'
[1.032s] Invoked command in '/home/huahai/dobot_ws/src/DOBOT_6Axis_ROS2_V3/servo_action' returned '0': PYTHONPATH=/home/huahai/dobot_ws/build/servo_action/prefix_override:/usr/lib/python3/dist-packages/colcon_core/task/python/colcon_distutils_commands:/home/huahai/dobot_ws/install/servo_action/lib/python3.10/site-packages:${PYTHONPATH} /usr/bin/python3 -W ignore:setup.py install is deprecated -W ignore:easy_install command is deprecated setup.py egg_info --egg-base ../../../build/servo_action build --build-base /home/huahai/dobot_ws/build/servo_action/build install --record /home/huahai/dobot_ws/build/servo_action/install.log --single-version-externally-managed install_data
