[0.448s] Invoking command in '/home/huahai/dobot_ws/src/hand_tracking': PS1=\n(TraeAI-4) \w [$?] $ PYTHONPATH=/home/huahai/dobot_ws/build/hand_tracking/prefix_override:/usr/lib/python3/dist-packages/colcon_core/task/python/colcon_distutils_commands:/home/huahai/dobot_ws/install/hand_tracking/lib/python3.10/site-packages:${PYTHONPATH} __trae_PS1=\n(TraeAI-4) \w [$?] $ /usr/bin/python3 -W ignore:setup.py install is deprecated -W ignore:easy_install command is deprecated setup.py egg_info --egg-base ../../build/hand_tracking build --build-base /home/huahai/dobot_ws/build/hand_tracking/build install --record /home/huahai/dobot_ws/build/hand_tracking/install.log --single-version-externally-managed install_data
[0.602s] running egg_info
[0.603s] writing ../../build/hand_tracking/hand_tracking.egg-info/PKG-INFO
[0.603s] writing dependency_links to ../../build/hand_tracking/hand_tracking.egg-info/dependency_links.txt
[0.604s] writing entry points to ../../build/hand_tracking/hand_tracking.egg-info/entry_points.txt
[0.604s] writing requirements to ../../build/hand_tracking/hand_tracking.egg-info/requires.txt
[0.604s] writing top-level names to ../../build/hand_tracking/hand_tracking.egg-info/top_level.txt
[0.604s] reading manifest file '../../build/hand_tracking/hand_tracking.egg-info/SOURCES.txt'
[0.605s] writing manifest file '../../build/hand_tracking/hand_tracking.egg-info/SOURCES.txt'
[0.605s] running build
[0.605s] running build_py
[0.605s] copying hand_tracking/hand_tracking_robot_node.py -> /home/huahai/dobot_ws/build/hand_tracking/build/lib/hand_tracking
[0.605s] running install
[0.606s] running install_lib
[0.606s] copying /home/huahai/dobot_ws/build/hand_tracking/build/lib/hand_tracking/hand_tracking_robot_node.py -> /home/huahai/dobot_ws/install/hand_tracking/lib/python3.10/site-packages/hand_tracking
[0.606s] byte-compiling /home/huahai/dobot_ws/install/hand_tracking/lib/python3.10/site-packages/hand_tracking/hand_tracking_robot_node.py to hand_tracking_robot_node.cpython-310.pyc
[0.608s] running install_data
[0.608s] running install_egg_info
[0.609s] removing '/home/huahai/dobot_ws/install/hand_tracking/lib/python3.10/site-packages/hand_tracking-0.0.0-py3.10.egg-info' (and everything under it)
[0.609s] Copying ../../build/hand_tracking/hand_tracking.egg-info to /home/huahai/dobot_ws/install/hand_tracking/lib/python3.10/site-packages/hand_tracking-0.0.0-py3.10.egg-info
[0.609s] running install_scripts
[0.626s] Installing hand_tracking_3d_node script to /home/huahai/dobot_ws/install/hand_tracking/lib/hand_tracking
[0.627s] Installing hand_tracking_node script to /home/huahai/dobot_ws/install/hand_tracking/lib/hand_tracking
[0.627s] Installing hand_tracking_robot_node script to /home/huahai/dobot_ws/install/hand_tracking/lib/hand_tracking
[0.629s] writing list of installed files to '/home/huahai/dobot_ws/build/hand_tracking/install.log'
[0.643s] Invoked command in '/home/huahai/dobot_ws/src/hand_tracking' returned '0': PS1=\n(TraeAI-4) \w [$?] $ PYTHONPATH=/home/huahai/dobot_ws/build/hand_tracking/prefix_override:/usr/lib/python3/dist-packages/colcon_core/task/python/colcon_distutils_commands:/home/huahai/dobot_ws/install/hand_tracking/lib/python3.10/site-packages:${PYTHONPATH} __trae_PS1=\n(TraeAI-4) \w [$?] $ /usr/bin/python3 -W ignore:setup.py install is deprecated -W ignore:easy_install command is deprecated setup.py egg_info --egg-base ../../build/hand_tracking build --build-base /home/huahai/dobot_ws/build/hand_tracking/build install --record /home/huahai/dobot_ws/build/hand_tracking/install.log --single-version-externally-managed install_data
