[2.306s] Invoking command in '/home/huahai/dobot_ws/src/hand_tracking': PYTHONPATH=/home/huahai/dobot_ws/build/hand_tracking/prefix_override:/usr/lib/python3/dist-packages/colcon_core/task/python/colcon_distutils_commands:/home/huahai/dobot_ws/install/hand_tracking/lib/python3.10/site-packages:${PYTHONPATH} /usr/bin/python3 -W ignore:setup.py install is deprecated -W ignore:easy_install command is deprecated setup.py egg_info --egg-base ../../build/hand_tracking build --build-base /home/huahai/dobot_ws/build/hand_tracking/build install --record /home/huahai/dobot_ws/build/hand_tracking/install.log --single-version-externally-managed install_data
[3.011s] running egg_info
[3.012s] writing ../../build/hand_tracking/hand_tracking.egg-info/PKG-INFO
[3.014s] writing dependency_links to ../../build/hand_tracking/hand_tracking.egg-info/dependency_links.txt
[3.016s] writing entry points to ../../build/hand_tracking/hand_tracking.egg-info/entry_points.txt
[3.019s] writing requirements to ../../build/hand_tracking/hand_tracking.egg-info/requires.txt
[3.019s] writing top-level names to ../../build/hand_tracking/hand_tracking.egg-info/top_level.txt
[3.035s] reading manifest file '../../build/hand_tracking/hand_tracking.egg-info/SOURCES.txt'
[3.039s] writing manifest file '../../build/hand_tracking/hand_tracking.egg-info/SOURCES.txt'
[3.045s] running build
[3.045s] running build_py
[3.053s] copying hand_tracking/nova5_ik_node.py -> /home/huahai/dobot_ws/build/hand_tracking/build/lib/hand_tracking
[3.053s] running install
[3.053s] running install_lib
[3.059s] copying /home/huahai/dobot_ws/build/hand_tracking/build/lib/hand_tracking/nova5_ik_node.py -> /home/huahai/dobot_ws/install/hand_tracking/lib/python3.10/site-packages/hand_tracking
[3.066s] byte-compiling /home/huahai/dobot_ws/install/hand_tracking/lib/python3.10/site-packages/hand_tracking/nova5_ik_node.py to nova5_ik_node.cpython-310.pyc
[3.081s] running install_data
[3.081s] running install_egg_info
[3.087s] removing '/home/huahai/dobot_ws/install/hand_tracking/lib/python3.10/site-packages/hand_tracking-0.0.0-py3.10.egg-info' (and everything under it)
[3.087s] Copying ../../build/hand_tracking/hand_tracking.egg-info to /home/huahai/dobot_ws/install/hand_tracking/lib/python3.10/site-packages/hand_tracking-0.0.0-py3.10.egg-info
[3.092s] running install_scripts
[3.163s] Installing hand_tracking_3d_node script to /home/huahai/dobot_ws/install/hand_tracking/lib/hand_tracking
[3.165s] Installing hand_tracking_node script to /home/huahai/dobot_ws/install/hand_tracking/lib/hand_tracking
[3.168s] Installing hand_tracking_robot_node script to /home/huahai/dobot_ws/install/hand_tracking/lib/hand_tracking
[3.186s] Installing nova5_ik_node script to /home/huahai/dobot_ws/install/hand_tracking/lib/hand_tracking
[3.186s] writing list of installed files to '/home/huahai/dobot_ws/build/hand_tracking/install.log'
[3.297s] Invoked command in '/home/huahai/dobot_ws/src/hand_tracking' returned '0': PYTHONPATH=/home/huahai/dobot_ws/build/hand_tracking/prefix_override:/usr/lib/python3/dist-packages/colcon_core/task/python/colcon_distutils_commands:/home/huahai/dobot_ws/install/hand_tracking/lib/python3.10/site-packages:${PYTHONPATH} /usr/bin/python3 -W ignore:setup.py install is deprecated -W ignore:easy_install command is deprecated setup.py egg_info --egg-base ../../build/hand_tracking build --build-base /home/huahai/dobot_ws/build/hand_tracking/build install --record /home/huahai/dobot_ws/build/hand_tracking/install.log --single-version-externally-managed install_data
