[0.009s] Invoking command in '/home/huahai/dobot_ws/build/cr10_moveit': AMENT_PREFIX_PATH=/home/huahai/dobot_ws/install/dobot_rviz:${AMENT_PREFIX_PATH} CMAKE_PREFIX_PATH=/home/huahai/dobot_ws/install/dobot_rviz:/opt/ros/humble /usr/bin/cmake /home/huahai/dobot_ws/src/DOBOT_6Axis_ROS2_V3/cr10_moveit -DCMAKE_INSTALL_PREFIX=/home/huahai/dobot_ws/install/cr10_moveit
[0.050s] -- The C compiler identification is GNU 11.4.0
[0.090s] -- The CXX compiler identification is GNU 11.4.0
[0.095s] -- Detecting C compiler ABI info
[0.151s] -- Detecting C compiler ABI info - done
[0.155s] -- Check for working C compiler: /usr/bin/cc - skipped
[0.156s] -- Detecting C compile features
[0.156s] -- Detecting C compile features - done
[0.157s] -- Detecting CXX compiler ABI info
[0.220s] -- Detecting CXX compiler ABI info - done
[0.225s] -- Check for working CXX compiler: /usr/bin/c++ - skipped
[0.225s] -- Detecting CXX compile features
[0.225s] -- Detecting CXX compile features - done
[0.226s] -- Found ament_cmake: 1.3.13 (/opt/ros/humble/share/ament_cmake/cmake)
[0.325s] -- Found Python3: /usr/bin/python3 (found version "3.10.12") found components: Interpreter 
[0.424s] -- Configuring done
[0.426s] -- Generating done
[0.427s] -- Build files have been written to: /home/huahai/dobot_ws/build/cr10_moveit
[0.430s] Invoked command in '/home/huahai/dobot_ws/build/cr10_moveit' returned '0': AMENT_PREFIX_PATH=/home/huahai/dobot_ws/install/dobot_rviz:${AMENT_PREFIX_PATH} CMAKE_PREFIX_PATH=/home/huahai/dobot_ws/install/dobot_rviz:/opt/ros/humble /usr/bin/cmake /home/huahai/dobot_ws/src/DOBOT_6Axis_ROS2_V3/cr10_moveit -DCMAKE_INSTALL_PREFIX=/home/huahai/dobot_ws/install/cr10_moveit
[0.433s] Invoking command in '/home/huahai/dobot_ws/build/cr10_moveit': AMENT_PREFIX_PATH=/home/huahai/dobot_ws/install/dobot_rviz:${AMENT_PREFIX_PATH} CMAKE_PREFIX_PATH=/home/huahai/dobot_ws/install/dobot_rviz:/opt/ros/humble /usr/bin/cmake --build /home/huahai/dobot_ws/build/cr10_moveit -- -j2 -l2
[0.463s] Invoked command in '/home/huahai/dobot_ws/build/cr10_moveit' returned '0': AMENT_PREFIX_PATH=/home/huahai/dobot_ws/install/dobot_rviz:${AMENT_PREFIX_PATH} CMAKE_PREFIX_PATH=/home/huahai/dobot_ws/install/dobot_rviz:/opt/ros/humble /usr/bin/cmake --build /home/huahai/dobot_ws/build/cr10_moveit -- -j2 -l2
[0.464s] Invoking command in '/home/huahai/dobot_ws/build/cr10_moveit': AMENT_PREFIX_PATH=/home/huahai/dobot_ws/install/dobot_rviz:${AMENT_PREFIX_PATH} CMAKE_PREFIX_PATH=/home/huahai/dobot_ws/install/dobot_rviz:/opt/ros/humble /usr/bin/cmake --install /home/huahai/dobot_ws/build/cr10_moveit
[0.472s] -- Install configuration: ""
[0.472s] -- Installing: /home/huahai/dobot_ws/install/cr10_moveit/share/ament_index/resource_index/package_run_dependencies/cr10_moveit
[0.472s] -- Installing: /home/huahai/dobot_ws/install/cr10_moveit/share/ament_index/resource_index/parent_prefix_path/cr10_moveit
[0.472s] -- Installing: /home/huahai/dobot_ws/install/cr10_moveit/share/cr10_moveit/environment/ament_prefix_path.sh
[0.474s] -- Installing: /home/huahai/dobot_ws/install/cr10_moveit/share/cr10_moveit/environment/ament_prefix_path.dsv
[0.474s] -- Installing: /home/huahai/dobot_ws/install/cr10_moveit/share/cr10_moveit/environment/path.sh
[0.474s] -- Installing: /home/huahai/dobot_ws/install/cr10_moveit/share/cr10_moveit/environment/path.dsv
[0.474s] -- Installing: /home/huahai/dobot_ws/install/cr10_moveit/share/cr10_moveit/local_setup.bash
[0.474s] -- Installing: /home/huahai/dobot_ws/install/cr10_moveit/share/cr10_moveit/local_setup.sh
[0.474s] -- Installing: /home/huahai/dobot_ws/install/cr10_moveit/share/cr10_moveit/local_setup.zsh
[0.474s] -- Installing: /home/huahai/dobot_ws/install/cr10_moveit/share/cr10_moveit/local_setup.dsv
[0.474s] -- Installing: /home/huahai/dobot_ws/install/cr10_moveit/share/cr10_moveit/package.dsv
[0.474s] -- Installing: /home/huahai/dobot_ws/install/cr10_moveit/share/ament_index/resource_index/packages/cr10_moveit
[0.474s] -- Installing: /home/huahai/dobot_ws/install/cr10_moveit/share/cr10_moveit/cmake/cr10_moveitConfig.cmake
[0.474s] -- Installing: /home/huahai/dobot_ws/install/cr10_moveit/share/cr10_moveit/cmake/cr10_moveitConfig-version.cmake
[0.475s] -- Installing: /home/huahai/dobot_ws/install/cr10_moveit/share/cr10_moveit/package.xml
[0.475s] -- Installing: /home/huahai/dobot_ws/install/cr10_moveit/share/cr10_moveit/launch
[0.475s] -- Installing: /home/huahai/dobot_ws/install/cr10_moveit/share/cr10_moveit/launch/moveit_rviz.launch.py
[0.475s] -- Installing: /home/huahai/dobot_ws/install/cr10_moveit/share/cr10_moveit/launch/dobot_moveit.launch.py
[0.475s] -- Installing: /home/huahai/dobot_ws/install/cr10_moveit/share/cr10_moveit/launch/moveit_gazebo.launch.py
[0.476s] -- Installing: /home/huahai/dobot_ws/install/cr10_moveit/share/cr10_moveit/launch/demo.launch.py
[0.476s] -- Installing: /home/huahai/dobot_ws/install/cr10_moveit/share/cr10_moveit/launch/setup_assistant.launch.py
[0.476s] -- Installing: /home/huahai/dobot_ws/install/cr10_moveit/share/cr10_moveit/launch/rsp.launch.py
[0.476s] -- Installing: /home/huahai/dobot_ws/install/cr10_moveit/share/cr10_moveit/launch/static_virtual_joint_tfs.launch.py
[0.477s] -- Installing: /home/huahai/dobot_ws/install/cr10_moveit/share/cr10_moveit/launch/spawn_controllers.launch.py
[0.477s] -- Installing: /home/huahai/dobot_ws/install/cr10_moveit/share/cr10_moveit/launch/move_group.launch.py
[0.477s] -- Installing: /home/huahai/dobot_ws/install/cr10_moveit/share/cr10_moveit/launch/warehouse_db.launch.py
[0.477s] -- Installing: /home/huahai/dobot_ws/install/cr10_moveit/share/cr10_moveit/config
[0.477s] -- Installing: /home/huahai/dobot_ws/install/cr10_moveit/share/cr10_moveit/config/joint_limits.yaml
[0.478s] -- Installing: /home/huahai/dobot_ws/install/cr10_moveit/share/cr10_moveit/config/cr10_robot.ros2_control.xacro
[0.479s] -- Installing: /home/huahai/dobot_ws/install/cr10_moveit/share/cr10_moveit/config/moveit.rviz
[0.479s] -- Installing: /home/huahai/dobot_ws/install/cr10_moveit/share/cr10_moveit/config/cr10_robot.srdf
[0.479s] -- Installing: /home/huahai/dobot_ws/install/cr10_moveit/share/cr10_moveit/config/pilz_cartesian_limits.yaml
[0.479s] -- Installing: /home/huahai/dobot_ws/install/cr10_moveit/share/cr10_moveit/config/cr10_robot.urdf.xacro
[0.479s] -- Installing: /home/huahai/dobot_ws/install/cr10_moveit/share/cr10_moveit/config/moveit_controllers.yaml
[0.479s] -- Installing: /home/huahai/dobot_ws/install/cr10_moveit/share/cr10_moveit/config/kinematics.yaml
[0.479s] -- Installing: /home/huahai/dobot_ws/install/cr10_moveit/share/cr10_moveit/config/initial_positions.yaml
[0.479s] -- Installing: /home/huahai/dobot_ws/install/cr10_moveit/share/cr10_moveit/config/ros2_controllers.yaml
[0.479s] -- Installing: /home/huahai/dobot_ws/install/cr10_moveit/share/cr10_moveit/.setup_assistant
[0.484s] Invoked command in '/home/huahai/dobot_ws/build/cr10_moveit' returned '0': AMENT_PREFIX_PATH=/home/huahai/dobot_ws/install/dobot_rviz:${AMENT_PREFIX_PATH} CMAKE_PREFIX_PATH=/home/huahai/dobot_ws/install/dobot_rviz:/opt/ros/humble /usr/bin/cmake --install /home/huahai/dobot_ws/build/cr10_moveit
