[0.008s] Invoking command in '/home/huahai/dobot_ws/build/cr3_moveit': AMENT_PREFIX_PATH=/home/huahai/dobot_ws/install/dobot_rviz:${AMENT_PREFIX_PATH} CMAKE_PREFIX_PATH=/home/huahai/dobot_ws/install/dobot_rviz:/opt/ros/humble /usr/bin/cmake /home/huahai/dobot_ws/src/DOBOT_6Axis_ROS2_V3/cr3_moveit -DCMAKE_INSTALL_PREFIX=/home/huahai/dobot_ws/install/cr3_moveit
[0.095s] -- The C compiler identification is GNU 11.4.0
[0.173s] -- The CXX compiler identification is GNU 11.4.0
[0.188s] -- Detecting C compiler ABI info
[0.299s] -- Detecting C compiler ABI info - done
[0.308s] -- Check for working C compiler: /usr/bin/cc - skipped
[0.308s] -- Detecting C compile features
[0.309s] -- Detecting C compile features - done
[0.313s] -- Detecting CXX compiler ABI info
[0.438s] -- Detecting CXX compiler ABI info - done
[0.446s] -- Check for working CXX compiler: /usr/bin/c++ - skipped
[0.447s] -- Detecting CXX compile features
[0.447s] -- Detecting CXX compile features - done
[0.451s] -- Found ament_cmake: 1.3.13 (/opt/ros/humble/share/ament_cmake/cmake)
[0.665s] -- Found Python3: /usr/bin/python3 (found version "3.10.12") found components: Interpreter 
[0.874s] -- Configuring done
[0.875s] -- Generating done
[0.877s] -- Build files have been written to: /home/huahai/dobot_ws/build/cr3_moveit
[0.880s] Invoked command in '/home/huahai/dobot_ws/build/cr3_moveit' returned '0': AMENT_PREFIX_PATH=/home/huahai/dobot_ws/install/dobot_rviz:${AMENT_PREFIX_PATH} CMAKE_PREFIX_PATH=/home/huahai/dobot_ws/install/dobot_rviz:/opt/ros/humble /usr/bin/cmake /home/huahai/dobot_ws/src/DOBOT_6Axis_ROS2_V3/cr3_moveit -DCMAKE_INSTALL_PREFIX=/home/huahai/dobot_ws/install/cr3_moveit
[0.881s] Invoking command in '/home/huahai/dobot_ws/build/cr3_moveit': AMENT_PREFIX_PATH=/home/huahai/dobot_ws/install/dobot_rviz:${AMENT_PREFIX_PATH} CMAKE_PREFIX_PATH=/home/huahai/dobot_ws/install/dobot_rviz:/opt/ros/humble /usr/bin/cmake --build /home/huahai/dobot_ws/build/cr3_moveit -- -j2 -l2
[0.916s] Invoked command in '/home/huahai/dobot_ws/build/cr3_moveit' returned '0': AMENT_PREFIX_PATH=/home/huahai/dobot_ws/install/dobot_rviz:${AMENT_PREFIX_PATH} CMAKE_PREFIX_PATH=/home/huahai/dobot_ws/install/dobot_rviz:/opt/ros/humble /usr/bin/cmake --build /home/huahai/dobot_ws/build/cr3_moveit -- -j2 -l2
[0.917s] Invoking command in '/home/huahai/dobot_ws/build/cr3_moveit': AMENT_PREFIX_PATH=/home/huahai/dobot_ws/install/dobot_rviz:${AMENT_PREFIX_PATH} CMAKE_PREFIX_PATH=/home/huahai/dobot_ws/install/dobot_rviz:/opt/ros/humble /usr/bin/cmake --install /home/huahai/dobot_ws/build/cr3_moveit
[0.925s] -- Install configuration: ""
[0.925s] -- Installing: /home/huahai/dobot_ws/install/cr3_moveit/share/ament_index/resource_index/package_run_dependencies/cr3_moveit
[0.926s] -- Installing: /home/huahai/dobot_ws/install/cr3_moveit/share/ament_index/resource_index/parent_prefix_path/cr3_moveit
[0.926s] -- Installing: /home/huahai/dobot_ws/install/cr3_moveit/share/cr3_moveit/environment/ament_prefix_path.sh
[0.926s] -- Installing: /home/huahai/dobot_ws/install/cr3_moveit/share/cr3_moveit/environment/ament_prefix_path.dsv
[0.927s] -- Installing: /home/huahai/dobot_ws/install/cr3_moveit/share/cr3_moveit/environment/path.sh
[0.927s] -- Installing: /home/huahai/dobot_ws/install/cr3_moveit/share/cr3_moveit/environment/path.dsv
[0.927s] -- Installing: /home/huahai/dobot_ws/install/cr3_moveit/share/cr3_moveit/local_setup.bash
[0.928s] -- Installing: /home/huahai/dobot_ws/install/cr3_moveit/share/cr3_moveit/local_setup.sh
[0.928s] -- Installing: /home/huahai/dobot_ws/install/cr3_moveit/share/cr3_moveit/local_setup.zsh
[0.928s] -- Installing: /home/huahai/dobot_ws/install/cr3_moveit/share/cr3_moveit/local_setup.dsv
[0.928s] -- Installing: /home/huahai/dobot_ws/install/cr3_moveit/share/cr3_moveit/package.dsv
[0.929s] -- Installing: /home/huahai/dobot_ws/install/cr3_moveit/share/ament_index/resource_index/packages/cr3_moveit
[0.929s] -- Installing: /home/huahai/dobot_ws/install/cr3_moveit/share/cr3_moveit/cmake/cr3_moveitConfig.cmake
[0.930s] -- Installing: /home/huahai/dobot_ws/install/cr3_moveit/share/cr3_moveit/cmake/cr3_moveitConfig-version.cmake
[0.930s] -- Installing: /home/huahai/dobot_ws/install/cr3_moveit/share/cr3_moveit/package.xml
[0.930s] -- Installing: /home/huahai/dobot_ws/install/cr3_moveit/share/cr3_moveit/launch
[0.930s] -- Installing: /home/huahai/dobot_ws/install/cr3_moveit/share/cr3_moveit/launch/moveit_rviz.launch.py
[0.930s] -- Installing: /home/huahai/dobot_ws/install/cr3_moveit/share/cr3_moveit/launch/dobot_moveit.launch.py
[0.930s] -- Installing: /home/huahai/dobot_ws/install/cr3_moveit/share/cr3_moveit/launch/moveit_gazebo.launch.py
[0.930s] -- Installing: /home/huahai/dobot_ws/install/cr3_moveit/share/cr3_moveit/launch/demo.launch.py
[0.931s] -- Installing: /home/huahai/dobot_ws/install/cr3_moveit/share/cr3_moveit/launch/setup_assistant.launch.py
[0.931s] -- Installing: /home/huahai/dobot_ws/install/cr3_moveit/share/cr3_moveit/launch/rsp.launch.py
[0.931s] -- Installing: /home/huahai/dobot_ws/install/cr3_moveit/share/cr3_moveit/launch/static_virtual_joint_tfs.launch.py
[0.931s] -- Installing: /home/huahai/dobot_ws/install/cr3_moveit/share/cr3_moveit/launch/spawn_controllers.launch.py
[0.931s] -- Installing: /home/huahai/dobot_ws/install/cr3_moveit/share/cr3_moveit/launch/move_group.launch.py
[0.931s] -- Installing: /home/huahai/dobot_ws/install/cr3_moveit/share/cr3_moveit/launch/warehouse_db.launch.py
[0.931s] -- Installing: /home/huahai/dobot_ws/install/cr3_moveit/share/cr3_moveit/config
[0.932s] -- Installing: /home/huahai/dobot_ws/install/cr3_moveit/share/cr3_moveit/config/joint_limits.yaml
[0.932s] -- Installing: /home/huahai/dobot_ws/install/cr3_moveit/share/cr3_moveit/config/moveit.rviz
[0.932s] -- Installing: /home/huahai/dobot_ws/install/cr3_moveit/share/cr3_moveit/config/cr3_robot.srdf
[0.932s] -- Installing: /home/huahai/dobot_ws/install/cr3_moveit/share/cr3_moveit/config/pilz_cartesian_limits.yaml
[0.932s] -- Installing: /home/huahai/dobot_ws/install/cr3_moveit/share/cr3_moveit/config/moveit_controllers.yaml
[0.932s] -- Installing: /home/huahai/dobot_ws/install/cr3_moveit/share/cr3_moveit/config/kinematics.yaml
[0.932s] -- Installing: /home/huahai/dobot_ws/install/cr3_moveit/share/cr3_moveit/config/initial_positions.yaml
[0.933s] -- Installing: /home/huahai/dobot_ws/install/cr3_moveit/share/cr3_moveit/config/cr3_robot.ros2_control.xacro
[0.933s] -- Installing: /home/huahai/dobot_ws/install/cr3_moveit/share/cr3_moveit/config/ros2_controllers.yaml
[0.933s] -- Installing: /home/huahai/dobot_ws/install/cr3_moveit/share/cr3_moveit/config/cr3_robot.urdf.xacro
[0.933s] -- Installing: /home/huahai/dobot_ws/install/cr3_moveit/share/cr3_moveit/.setup_assistant
[0.936s] Invoked command in '/home/huahai/dobot_ws/build/cr3_moveit' returned '0': AMENT_PREFIX_PATH=/home/huahai/dobot_ws/install/dobot_rviz:${AMENT_PREFIX_PATH} CMAKE_PREFIX_PATH=/home/huahai/dobot_ws/install/dobot_rviz:/opt/ros/humble /usr/bin/cmake --install /home/huahai/dobot_ws/build/cr3_moveit
