[1.177s] Invoking command in '/home/huahai/dobot_ws/src/hand_tracking': PS1=\n(TraeAI-4) \w [$?] $ PYTHONPATH=/home/huahai/dobot_ws/build/hand_tracking/prefix_override:/usr/lib/python3/dist-packages/colcon_core/task/python/colcon_distutils_commands:/home/huahai/dobot_ws/install/hand_tracking/lib/python3.10/site-packages:${PYTHONPATH} __trae_PS1=\n(TraeAI-4) \w [$?] $ /usr/bin/python3 -W ignore:setup.py install is deprecated -W ignore:easy_install command is deprecated setup.py egg_info --egg-base ../../build/hand_tracking build --build-base /home/huahai/dobot_ws/build/hand_tracking/build install --record /home/huahai/dobot_ws/build/hand_tracking/install.log --single-version-externally-managed install_data
[1.543s] running egg_info
[1.544s] writing ../../build/hand_tracking/hand_tracking.egg-info/PKG-INFO
[1.546s] writing dependency_links to ../../build/hand_tracking/hand_tracking.egg-info/dependency_links.txt
[1.546s] writing entry points to ../../build/hand_tracking/hand_tracking.egg-info/entry_points.txt
[1.547s] writing requirements to ../../build/hand_tracking/hand_tracking.egg-info/requires.txt
[1.547s] writing top-level names to ../../build/hand_tracking/hand_tracking.egg-info/top_level.txt
[1.553s] reading manifest file '../../build/hand_tracking/hand_tracking.egg-info/SOURCES.txt'
[1.554s] writing manifest file '../../build/hand_tracking/hand_tracking.egg-info/SOURCES.txt'
[1.555s] running build
[1.555s] running build_py
[1.559s] copying hand_tracking/hand_tracking_3d_node.py -> /home/huahai/dobot_ws/build/hand_tracking/build/lib/hand_tracking
[1.560s] running install
[1.561s] running install_lib
[1.563s] copying /home/huahai/dobot_ws/build/hand_tracking/build/lib/hand_tracking/hand_tracking_3d_node.py -> /home/huahai/dobot_ws/install/hand_tracking/lib/python3.10/site-packages/hand_tracking
[1.565s] byte-compiling /home/huahai/dobot_ws/install/hand_tracking/lib/python3.10/site-packages/hand_tracking/hand_tracking_3d_node.py to hand_tracking_3d_node.cpython-310.pyc
[1.568s] running install_data
[1.569s] running install_egg_info
[1.572s] removing '/home/huahai/dobot_ws/install/hand_tracking/lib/python3.10/site-packages/hand_tracking-0.0.0-py3.10.egg-info' (and everything under it)
[1.573s] Copying ../../build/hand_tracking/hand_tracking.egg-info to /home/huahai/dobot_ws/install/hand_tracking/lib/python3.10/site-packages/hand_tracking-0.0.0-py3.10.egg-info
[1.576s] running install_scripts
[1.603s] Installing hand_tracking_3d_node script to /home/huahai/dobot_ws/install/hand_tracking/lib/hand_tracking
[1.606s] Installing hand_tracking_node script to /home/huahai/dobot_ws/install/hand_tracking/lib/hand_tracking
[1.606s] Installing hand_tracking_robot_node script to /home/huahai/dobot_ws/install/hand_tracking/lib/hand_tracking
[1.608s] writing list of installed files to '/home/huahai/dobot_ws/build/hand_tracking/install.log'
[1.654s] Invoked command in '/home/huahai/dobot_ws/src/hand_tracking' returned '0': PS1=\n(TraeAI-4) \w [$?] $ PYTHONPATH=/home/huahai/dobot_ws/build/hand_tracking/prefix_override:/usr/lib/python3/dist-packages/colcon_core/task/python/colcon_distutils_commands:/home/huahai/dobot_ws/install/hand_tracking/lib/python3.10/site-packages:${PYTHONPATH} __trae_PS1=\n(TraeAI-4) \w [$?] $ /usr/bin/python3 -W ignore:setup.py install is deprecated -W ignore:easy_install command is deprecated setup.py egg_info --egg-base ../../build/hand_tracking build --build-base /home/huahai/dobot_ws/build/hand_tracking/build install --record /home/huahai/dobot_ws/build/hand_tracking/install.log --single-version-externally-managed install_data
