[0.017s] Invoking command in '/home/huahai/dobot_ws/build/dobot_gazebo': AMENT_PREFIX_PATH=/home/huahai/dobot_ws/install/cra_description:${AMENT_PREFIX_PATH} CMAKE_PREFIX_PATH=/home/huahai/dobot_ws/install/cra_description:/opt/ros/humble /usr/bin/cmake /home/huahai/dobot_ws/src/DOBOT_6Axis_ROS2_V3/dobot_gazebo -DCMAKE_INSTALL_PREFIX=/home/huahai/dobot_ws/install/dobot_gazebo
[0.099s] -- The C compiler identification is GNU 11.4.0
[0.186s] -- The CXX compiler identification is GNU 11.4.0
[0.195s] -- Detecting C compiler ABI info
[0.309s] -- Detecting C compiler ABI info - done
[0.319s] -- Check for working C compiler: /usr/bin/cc - skipped
[0.319s] -- Detecting C compile features
[0.319s] -- Detecting C compile features - done
[0.325s] -- Detecting CXX compiler ABI info
[0.385s] -- Detecting CXX compiler ABI info - done
[0.390s] -- Check for working CXX compiler: /usr/bin/c++ - skipped
[0.390s] -- Detecting CXX compile features
[0.393s] -- Detecting CXX compile features - done
[0.393s] -- Found ament_cmake: 1.3.13 (/opt/ros/humble/share/ament_cmake/cmake)
[0.519s] -- Found Python3: /usr/bin/python3 (found version "3.10.12") found components: Interpreter 
[0.704s] -- Configuring done
[0.709s] -- Generating done
[0.710s] -- Build files have been written to: /home/huahai/dobot_ws/build/dobot_gazebo
[0.721s] Invoked command in '/home/huahai/dobot_ws/build/dobot_gazebo' returned '0': AMENT_PREFIX_PATH=/home/huahai/dobot_ws/install/cra_description:${AMENT_PREFIX_PATH} CMAKE_PREFIX_PATH=/home/huahai/dobot_ws/install/cra_description:/opt/ros/humble /usr/bin/cmake /home/huahai/dobot_ws/src/DOBOT_6Axis_ROS2_V3/dobot_gazebo -DCMAKE_INSTALL_PREFIX=/home/huahai/dobot_ws/install/dobot_gazebo
[0.721s] Invoking command in '/home/huahai/dobot_ws/build/dobot_gazebo': AMENT_PREFIX_PATH=/home/huahai/dobot_ws/install/cra_description:${AMENT_PREFIX_PATH} CMAKE_PREFIX_PATH=/home/huahai/dobot_ws/install/cra_description:/opt/ros/humble /usr/bin/cmake --build /home/huahai/dobot_ws/build/dobot_gazebo -- -j2 -l2
[0.789s] Invoked command in '/home/huahai/dobot_ws/build/dobot_gazebo' returned '0': AMENT_PREFIX_PATH=/home/huahai/dobot_ws/install/cra_description:${AMENT_PREFIX_PATH} CMAKE_PREFIX_PATH=/home/huahai/dobot_ws/install/cra_description:/opt/ros/humble /usr/bin/cmake --build /home/huahai/dobot_ws/build/dobot_gazebo -- -j2 -l2
[0.790s] Invoking command in '/home/huahai/dobot_ws/build/dobot_gazebo': AMENT_PREFIX_PATH=/home/huahai/dobot_ws/install/cra_description:${AMENT_PREFIX_PATH} CMAKE_PREFIX_PATH=/home/huahai/dobot_ws/install/cra_description:/opt/ros/humble /usr/bin/cmake --install /home/huahai/dobot_ws/build/dobot_gazebo
[0.803s] -- Install configuration: ""
[0.804s] -- Installing: /home/huahai/dobot_ws/install/dobot_gazebo/share/dobot_gazebo/launch
[0.804s] -- Installing: /home/huahai/dobot_ws/install/dobot_gazebo/share/dobot_gazebo/launch/gazebo_moveit.launch.py
[0.804s] -- Installing: /home/huahai/dobot_ws/install/dobot_gazebo/share/dobot_gazebo/launch/dobot_gazebo.launch.py
[0.804s] -- Installing: /home/huahai/dobot_ws/install/dobot_gazebo/share/dobot_gazebo/worlds
[0.804s] -- Installing: /home/huahai/dobot_ws/install/dobot_gazebo/share/dobot_gazebo/worlds/ur10.world
[0.804s] -- Installing: /home/huahai/dobot_ws/install/dobot_gazebo/share/dobot_gazebo/config
[0.804s] -- Installing: /home/huahai/dobot_ws/install/dobot_gazebo/share/dobot_gazebo/config/moveitcpp.rviz
[0.804s] -- Installing: /home/huahai/dobot_ws/install/dobot_gazebo/share/ament_index/resource_index/package_run_dependencies/dobot_gazebo
[0.804s] -- Installing: /home/huahai/dobot_ws/install/dobot_gazebo/share/ament_index/resource_index/parent_prefix_path/dobot_gazebo
[0.806s] -- Installing: /home/huahai/dobot_ws/install/dobot_gazebo/share/dobot_gazebo/environment/ament_prefix_path.sh
[0.806s] -- Installing: /home/huahai/dobot_ws/install/dobot_gazebo/share/dobot_gazebo/environment/ament_prefix_path.dsv
[0.806s] -- Installing: /home/huahai/dobot_ws/install/dobot_gazebo/share/dobot_gazebo/environment/path.sh
[0.806s] -- Installing: /home/huahai/dobot_ws/install/dobot_gazebo/share/dobot_gazebo/environment/path.dsv
[0.806s] -- Installing: /home/huahai/dobot_ws/install/dobot_gazebo/share/dobot_gazebo/local_setup.bash
[0.806s] -- Installing: /home/huahai/dobot_ws/install/dobot_gazebo/share/dobot_gazebo/local_setup.sh
[0.808s] -- Installing: /home/huahai/dobot_ws/install/dobot_gazebo/share/dobot_gazebo/local_setup.zsh
[0.808s] -- Installing: /home/huahai/dobot_ws/install/dobot_gazebo/share/dobot_gazebo/local_setup.dsv
[0.808s] -- Installing: /home/huahai/dobot_ws/install/dobot_gazebo/share/dobot_gazebo/package.dsv
[0.808s] -- Installing: /home/huahai/dobot_ws/install/dobot_gazebo/share/ament_index/resource_index/packages/dobot_gazebo
[0.808s] -- Installing: /home/huahai/dobot_ws/install/dobot_gazebo/share/dobot_gazebo/cmake/dobot_gazeboConfig.cmake
[0.808s] -- Installing: /home/huahai/dobot_ws/install/dobot_gazebo/share/dobot_gazebo/cmake/dobot_gazeboConfig-version.cmake
[0.808s] -- Installing: /home/huahai/dobot_ws/install/dobot_gazebo/share/dobot_gazebo/package.xml
[0.817s] Invoked command in '/home/huahai/dobot_ws/build/dobot_gazebo' returned '0': AMENT_PREFIX_PATH=/home/huahai/dobot_ws/install/cra_description:${AMENT_PREFIX_PATH} CMAKE_PREFIX_PATH=/home/huahai/dobot_ws/install/cra_description:/opt/ros/humble /usr/bin/cmake --install /home/huahai/dobot_ws/build/dobot_gazebo
