[0.473s] Invoking command in '/home/huahai/dobot_ws/src/hand_tracking': PYTHONPATH=/home/huahai/dobot_ws/build/hand_tracking/prefix_override:/usr/lib/python3/dist-packages/colcon_core/task/python/colcon_distutils_commands:/home/huahai/dobot_ws/install/hand_tracking/lib/python3.10/site-packages:${PYTHONPATH} /usr/bin/python3 -W ignore:setup.py install is deprecated -W ignore:easy_install command is deprecated setup.py egg_info --egg-base ../../build/hand_tracking build --build-base /home/huahai/dobot_ws/build/hand_tracking/build install --record /home/huahai/dobot_ws/build/hand_tracking/install.log --single-version-externally-managed install_data
[0.646s] running egg_info
[0.647s] writing ../../build/hand_tracking/hand_tracking.egg-info/PKG-INFO
[0.647s] writing dependency_links to ../../build/hand_tracking/hand_tracking.egg-info/dependency_links.txt
[0.648s] writing entry points to ../../build/hand_tracking/hand_tracking.egg-info/entry_points.txt
[0.649s] writing requirements to ../../build/hand_tracking/hand_tracking.egg-info/requires.txt
[0.650s] writing top-level names to ../../build/hand_tracking/hand_tracking.egg-info/top_level.txt
[0.651s] reading manifest file '../../build/hand_tracking/hand_tracking.egg-info/SOURCES.txt'
[0.651s] writing manifest file '../../build/hand_tracking/hand_tracking.egg-info/SOURCES.txt'
[0.652s] running build
[0.652s] running build_py
[0.654s] copying hand_tracking/hand_tracking_3d_node.py -> /home/huahai/dobot_ws/build/hand_tracking/build/lib/hand_tracking
[0.654s] running install
[0.654s] running install_lib
[0.654s] copying /home/huahai/dobot_ws/build/hand_tracking/build/lib/hand_tracking/hand_tracking_3d_node.py -> /home/huahai/dobot_ws/install/hand_tracking/lib/python3.10/site-packages/hand_tracking
[0.655s] byte-compiling /home/huahai/dobot_ws/install/hand_tracking/lib/python3.10/site-packages/hand_tracking/hand_tracking_3d_node.py to hand_tracking_3d_node.cpython-310.pyc
[0.656s] running install_data
[0.658s] running install_egg_info
[0.658s] removing '/home/huahai/dobot_ws/install/hand_tracking/lib/python3.10/site-packages/hand_tracking-0.0.0-py3.10.egg-info' (and everything under it)
[0.659s] Copying ../../build/hand_tracking/hand_tracking.egg-info to /home/huahai/dobot_ws/install/hand_tracking/lib/python3.10/site-packages/hand_tracking-0.0.0-py3.10.egg-info
[0.660s] running install_scripts
[0.674s] Installing hand_tracking_3d_node script to /home/huahai/dobot_ws/install/hand_tracking/lib/hand_tracking
[0.675s] Installing hand_tracking_node script to /home/huahai/dobot_ws/install/hand_tracking/lib/hand_tracking
[0.676s] Installing hand_tracking_robot_node script to /home/huahai/dobot_ws/install/hand_tracking/lib/hand_tracking
[0.677s] writing list of installed files to '/home/huahai/dobot_ws/build/hand_tracking/install.log'
[0.692s] Invoked command in '/home/huahai/dobot_ws/src/hand_tracking' returned '0': PYTHONPATH=/home/huahai/dobot_ws/build/hand_tracking/prefix_override:/usr/lib/python3/dist-packages/colcon_core/task/python/colcon_distutils_commands:/home/huahai/dobot_ws/install/hand_tracking/lib/python3.10/site-packages:${PYTHONPATH} /usr/bin/python3 -W ignore:setup.py install is deprecated -W ignore:easy_install command is deprecated setup.py egg_info --egg-base ../../build/hand_tracking build --build-base /home/huahai/dobot_ws/build/hand_tracking/build install --record /home/huahai/dobot_ws/build/hand_tracking/install.log --single-version-externally-managed install_data
