/home/huahai/dobot_ws/install/robot_control_api/lib/python3.10/site-packages/robot_control_api/__init__.py
/home/huahai/dobot_ws/install/robot_control_api/lib/python3.10/site-packages/robot_control_api/nova5_controller.py
/home/huahai/dobot_ws/install/robot_control_api/lib/python3.10/site-packages/robot_control_api/examples/__init__.py
/home/huahai/dobot_ws/install/robot_control_api/lib/python3.10/site-packages/robot_control_api/examples/text.py
/home/huahai/dobot_ws/install/robot_control_api/lib/python3.10/site-packages/robot_control_api/examples/basic_control.py
/home/huahai/dobot_ws/install/robot_control_api/lib/python3.10/site-packages/robot_control_api/examples/advanced_control.py
/home/huahai/dobot_ws/install/robot_control_api/lib/python3.10/site-packages/robot_control_api/__pycache__/__init__.cpython-310.pyc
/home/huahai/dobot_ws/install/robot_control_api/lib/python3.10/site-packages/robot_control_api/__pycache__/nova5_controller.cpython-310.pyc
/home/huahai/dobot_ws/install/robot_control_api/lib/python3.10/site-packages/robot_control_api/examples/__pycache__/__init__.cpython-310.pyc
/home/huahai/dobot_ws/install/robot_control_api/lib/python3.10/site-packages/robot_control_api/examples/__pycache__/text.cpython-310.pyc
/home/huahai/dobot_ws/install/robot_control_api/lib/python3.10/site-packages/robot_control_api/examples/__pycache__/basic_control.cpython-310.pyc
/home/huahai/dobot_ws/install/robot_control_api/lib/python3.10/site-packages/robot_control_api/examples/__pycache__/advanced_control.cpython-310.pyc
/home/huahai/dobot_ws/install/robot_control_api/share/ament_index/resource_index/packages/robot_control_api
/home/huahai/dobot_ws/install/robot_control_api/share/robot_control_api/package.xml
/home/huahai/dobot_ws/install/robot_control_api/lib/python3.10/site-packages/robot_control_api-0.0.0-py3.10.egg-info/requires.txt
/home/huahai/dobot_ws/install/robot_control_api/lib/python3.10/site-packages/robot_control_api-0.0.0-py3.10.egg-info/zip-safe
/home/huahai/dobot_ws/install/robot_control_api/lib/python3.10/site-packages/robot_control_api-0.0.0-py3.10.egg-info/entry_points.txt
/home/huahai/dobot_ws/install/robot_control_api/lib/python3.10/site-packages/robot_control_api-0.0.0-py3.10.egg-info/SOURCES.txt
/home/huahai/dobot_ws/install/robot_control_api/lib/python3.10/site-packages/robot_control_api-0.0.0-py3.10.egg-info/top_level.txt
/home/huahai/dobot_ws/install/robot_control_api/lib/python3.10/site-packages/robot_control_api-0.0.0-py3.10.egg-info/dependency_links.txt
/home/huahai/dobot_ws/install/robot_control_api/lib/python3.10/site-packages/robot_control_api-0.0.0-py3.10.egg-info/PKG-INFO
/home/huahai/dobot_ws/install/robot_control_api/lib/robot_control_api/advanced_control
/home/huahai/dobot_ws/install/robot_control_api/lib/robot_control_api/basic_control
/home/huahai/dobot_ws/install/robot_control_api/lib/robot_control_api/text
