running egg_info
writing ../../build/robot_control_api/robot_control_api.egg-info/PKG-INFO
writing dependency_links to ../../build/robot_control_api/robot_control_api.egg-info/dependency_links.txt
writing entry points to ../../build/robot_control_api/robot_control_api.egg-info/entry_points.txt
writing requirements to ../../build/robot_control_api/robot_control_api.egg-info/requires.txt
writing top-level names to ../../build/robot_control_api/robot_control_api.egg-info/top_level.txt
reading manifest file '../../build/robot_control_api/robot_control_api.egg-info/SOURCES.txt'
writing manifest file '../../build/robot_control_api/robot_control_api.egg-info/SOURCES.txt'
running build
running build_py
running install
running install_lib
running install_data
running install_egg_info
removing '/home/huahai/dobot_ws/install/robot_control_api/lib/python3.10/site-packages/robot_control_api-0.0.0-py3.10.egg-info' (and everything under it)
Copying ../../build/robot_control_api/robot_control_api.egg-info to /home/huahai/dobot_ws/install/robot_control_api/lib/python3.10/site-packages/robot_control_api-0.0.0-py3.10.egg-info
running install_scripts
Installing advanced_control script to /home/huahai/dobot_ws/install/robot_control_api/lib/robot_control_api
Installing basic_control script to /home/huahai/dobot_ws/install/robot_control_api/lib/robot_control_api
Installing text script to /home/huahai/dobot_ws/install/robot_control_api/lib/robot_control_api
writing list of installed files to '/home/huahai/dobot_ws/build/robot_control_api/install.log'
