[1.112s] Invoking command in '/home/huahai/dobot_ws/src/hand_tracking': PS1=\n(TraeAI-4) \w [$?] $ PYTHONPATH=/home/huahai/dobot_ws/build/hand_tracking/prefix_override:/usr/lib/python3/dist-packages/colcon_core/task/python/colcon_distutils_commands:/home/huahai/dobot_ws/install/hand_tracking/lib/python3.10/site-packages:${PYTHONPATH} __trae_PS1=\n(TraeAI-4) \w [$?] $ /usr/bin/python3 -W ignore:setup.py install is deprecated -W ignore:easy_install command is deprecated setup.py egg_info --egg-base ../../build/hand_tracking build --build-base /home/huahai/dobot_ws/build/hand_tracking/build install --record /home/huahai/dobot_ws/build/hand_tracking/install.log --single-version-externally-managed install_data
[1.513s] running egg_info
[1.515s] writing ../../build/hand_tracking/hand_tracking.egg-info/PKG-INFO
[1.516s] writing dependency_links to ../../build/hand_tracking/hand_tracking.egg-info/dependency_links.txt
[1.519s] writing entry points to ../../build/hand_tracking/hand_tracking.egg-info/entry_points.txt
[1.520s] writing requirements to ../../build/hand_tracking/hand_tracking.egg-info/requires.txt
[1.520s] writing top-level names to ../../build/hand_tracking/hand_tracking.egg-info/top_level.txt
[1.522s] reading manifest file '../../build/hand_tracking/hand_tracking.egg-info/SOURCES.txt'
[1.523s] writing manifest file '../../build/hand_tracking/hand_tracking.egg-info/SOURCES.txt'
[1.523s] running build
[1.523s] running build_py
[1.524s] copying hand_tracking/nova5_ik_node.py -> /home/huahai/dobot_ws/build/hand_tracking/build/lib/hand_tracking
[1.524s] running install
[1.524s] running install_lib
[1.525s] copying /home/huahai/dobot_ws/build/hand_tracking/build/lib/hand_tracking/nova5_ik_node.py -> /home/huahai/dobot_ws/install/hand_tracking/lib/python3.10/site-packages/hand_tracking
[1.525s] byte-compiling /home/huahai/dobot_ws/install/hand_tracking/lib/python3.10/site-packages/hand_tracking/nova5_ik_node.py to nova5_ik_node.cpython-310.pyc
[1.526s] running install_data
[1.526s] copying package.xml -> /home/huahai/dobot_ws/install/hand_tracking/share/hand_tracking
[1.527s] running install_egg_info
[1.529s] removing '/home/huahai/dobot_ws/install/hand_tracking/lib/python3.10/site-packages/hand_tracking-0.0.0-py3.10.egg-info' (and everything under it)
[1.530s] Copying ../../build/hand_tracking/hand_tracking.egg-info to /home/huahai/dobot_ws/install/hand_tracking/lib/python3.10/site-packages/hand_tracking-0.0.0-py3.10.egg-info
[1.533s] running install_scripts
[1.582s] Installing hand_tracking_3d_node script to /home/huahai/dobot_ws/install/hand_tracking/lib/hand_tracking
[1.590s] Installing hand_tracking_node script to /home/huahai/dobot_ws/install/hand_tracking/lib/hand_tracking
[1.592s] Installing hand_tracking_robot_node script to /home/huahai/dobot_ws/install/hand_tracking/lib/hand_tracking
[1.592s] Installing nova5_ik_node script to /home/huahai/dobot_ws/install/hand_tracking/lib/hand_tracking
[1.593s] writing list of installed files to '/home/huahai/dobot_ws/build/hand_tracking/install.log'
[1.651s] Invoked command in '/home/huahai/dobot_ws/src/hand_tracking' returned '0': PS1=\n(TraeAI-4) \w [$?] $ PYTHONPATH=/home/huahai/dobot_ws/build/hand_tracking/prefix_override:/usr/lib/python3/dist-packages/colcon_core/task/python/colcon_distutils_commands:/home/huahai/dobot_ws/install/hand_tracking/lib/python3.10/site-packages:${PYTHONPATH} __trae_PS1=\n(TraeAI-4) \w [$?] $ /usr/bin/python3 -W ignore:setup.py install is deprecated -W ignore:easy_install command is deprecated setup.py egg_info --egg-base ../../build/hand_tracking build --build-base /home/huahai/dobot_ws/build/hand_tracking/build install --record /home/huahai/dobot_ws/build/hand_tracking/install.log --single-version-externally-managed install_data
