[0.016s] Invoking command in '/home/huahai/dobot_ws/build/cra_description': CMAKE_PREFIX_PATH=${CMAKE_PREFIX_PATH}:/home/huahai/dobot_ws/install/robot_control_api:/home/huahai/dobot_ws/install/qt_robot_control:/home/huahai/dobot_ws/install/servo_action:/home/huahai/dobot_ws/install/dobot_bringup_v3:/home/huahai/dobot_ws/install/dobot_moveit:/home/huahai/dobot_ws/install/dobot_demo:/opt/ros/humble /usr/bin/cmake --build /home/huahai/dobot_ws/build/cra_description -- -j2 -l2
[0.089s] Invoked command in '/home/huahai/dobot_ws/build/cra_description' returned '0': CMAKE_PREFIX_PATH=${CMAKE_PREFIX_PATH}:/home/huahai/dobot_ws/install/robot_control_api:/home/huahai/dobot_ws/install/qt_robot_control:/home/huahai/dobot_ws/install/servo_action:/home/huahai/dobot_ws/install/dobot_bringup_v3:/home/huahai/dobot_ws/install/dobot_moveit:/home/huahai/dobot_ws/install/dobot_demo:/opt/ros/humble /usr/bin/cmake --build /home/huahai/dobot_ws/build/cra_description -- -j2 -l2
[0.091s] Invoking command in '/home/huahai/dobot_ws/build/cra_description': CMAKE_PREFIX_PATH=${CMAKE_PREFIX_PATH}:/home/huahai/dobot_ws/install/robot_control_api:/home/huahai/dobot_ws/install/qt_robot_control:/home/huahai/dobot_ws/install/servo_action:/home/huahai/dobot_ws/install/dobot_bringup_v3:/home/huahai/dobot_ws/install/dobot_moveit:/home/huahai/dobot_ws/install/dobot_demo:/opt/ros/humble /usr/bin/cmake --install /home/huahai/dobot_ws/build/cra_description
[0.117s] -- Install configuration: ""
[0.118s] -- Up-to-date: /home/huahai/dobot_ws/install/cra_description/share/ament_index/resource_index/package_run_dependencies/cra_description
[0.118s] -- Up-to-date: /home/huahai/dobot_ws/install/cra_description/share/ament_index/resource_index/parent_prefix_path/cra_description
[0.118s] -- Up-to-date: /home/huahai/dobot_ws/install/cra_description/share/cra_description/environment/ament_prefix_path.sh
[0.118s] -- Up-to-date: /home/huahai/dobot_ws/install/cra_description/share/cra_description/environment/ament_prefix_path.dsv
[0.119s] -- Up-to-date: /home/huahai/dobot_ws/install/cra_description/share/cra_description/environment/path.sh
[0.120s] -- Up-to-date: /home/huahai/dobot_ws/install/cra_description/share/cra_description/environment/path.dsv
[0.120s] -- Up-to-date: /home/huahai/dobot_ws/install/cra_description/share/cra_description/local_setup.bash
[0.120s] -- Up-to-date: /home/huahai/dobot_ws/install/cra_description/share/cra_description/local_setup.sh
[0.120s] -- Up-to-date: /home/huahai/dobot_ws/install/cra_description/share/cra_description/local_setup.zsh
[0.121s] -- Up-to-date: /home/huahai/dobot_ws/install/cra_description/share/cra_description/local_setup.dsv
[0.121s] -- Up-to-date: /home/huahai/dobot_ws/install/cra_description/share/cra_description/package.dsv
[0.121s] -- Up-to-date: /home/huahai/dobot_ws/install/cra_description/share/ament_index/resource_index/packages/cra_description
[0.121s] -- Up-to-date: /home/huahai/dobot_ws/install/cra_description/share/cra_description/cmake/cra_descriptionConfig.cmake
[0.121s] -- Up-to-date: /home/huahai/dobot_ws/install/cra_description/share/cra_description/cmake/cra_descriptionConfig-version.cmake
[0.121s] -- Up-to-date: /home/huahai/dobot_ws/install/cra_description/share/cra_description/package.xml
[0.121s] -- Up-to-date: /home/huahai/dobot_ws/install/cra_description/share/cra_description/urdf
[0.121s] -- Up-to-date: /home/huahai/dobot_ws/install/cra_description/share/cra_description/urdf/nova2_robot.xacro
[0.122s] -- Up-to-date: /home/huahai/dobot_ws/install/cra_description/share/cra_description/urdf/cr3_robot.xacro
[0.122s] -- Up-to-date: /home/huahai/dobot_ws/install/cra_description/share/cra_description/urdf/cr7_robot.xacro
[0.122s] -- Up-to-date: /home/huahai/dobot_ws/install/cra_description/share/cra_description/urdf/cr5_robot.xacro
[0.122s] -- Up-to-date: /home/huahai/dobot_ws/install/cra_description/share/cra_description/urdf/cr10_robot.xacro
[0.122s] -- Up-to-date: /home/huahai/dobot_ws/install/cra_description/share/cra_description/urdf/nova5_robot.xacro
[0.122s] -- Up-to-date: /home/huahai/dobot_ws/install/cra_description/share/cra_description/urdf/cr12_robot.xacro
[0.122s] -- Up-to-date: /home/huahai/dobot_ws/install/cra_description/share/cra_description/urdf/cr16_robot.xacro
[0.122s] -- Up-to-date: /home/huahai/dobot_ws/install/cra_description/share/cra_description/meshes
[0.122s] -- Up-to-date: /home/huahai/dobot_ws/install/cra_description/share/cra_description/meshes/nova5
[0.122s] -- Up-to-date: /home/huahai/dobot_ws/install/cra_description/share/cra_description/meshes/nova5/Link4.STL
[0.122s] -- Up-to-date: /home/huahai/dobot_ws/install/cra_description/share/cra_description/meshes/nova5/Link6.STL
[0.122s] -- Up-to-date: /home/huahai/dobot_ws/install/cra_description/share/cra_description/meshes/nova5/Link5.STL
[0.122s] -- Up-to-date: /home/huahai/dobot_ws/install/cra_description/share/cra_description/meshes/nova5/Link3.STL
[0.122s] -- Up-to-date: /home/huahai/dobot_ws/install/cra_description/share/cra_description/meshes/nova5/Link2.STL
[0.124s] -- Up-to-date: /home/huahai/dobot_ws/install/cra_description/share/cra_description/meshes/nova5/Link1.STL
[0.124s] -- Up-to-date: /home/huahai/dobot_ws/install/cra_description/share/cra_description/meshes/nova5/base_link.STL
[0.124s] -- Up-to-date: /home/huahai/dobot_ws/install/cra_description/share/cra_description/meshes/cr5
[0.125s] -- Up-to-date: /home/huahai/dobot_ws/install/cra_description/share/cra_description/meshes/cr5/Link6.dae
[0.125s] -- Up-to-date: /home/huahai/dobot_ws/install/cra_description/share/cra_description/meshes/cr5/base_link.dae
[0.125s] -- Up-to-date: /home/huahai/dobot_ws/install/cra_description/share/cra_description/meshes/cr5/Link4.dae
[0.125s] -- Up-to-date: /home/huahai/dobot_ws/install/cra_description/share/cra_description/meshes/cr5/Link2.dae
[0.125s] -- Up-to-date: /home/huahai/dobot_ws/install/cra_description/share/cra_description/meshes/cr5/Link3.dae
[0.125s] -- Up-to-date: /home/huahai/dobot_ws/install/cra_description/share/cra_description/meshes/cr5/Link5.dae
[0.125s] -- Up-to-date: /home/huahai/dobot_ws/install/cra_description/share/cra_description/meshes/cr5/Link1.dae
[0.126s] -- Up-to-date: /home/huahai/dobot_ws/install/cra_description/share/cra_description/meshes/cr16
[0.126s] -- Up-to-date: /home/huahai/dobot_ws/install/cra_description/share/cra_description/meshes/cr16/Link4.STL
[0.126s] -- Up-to-date: /home/huahai/dobot_ws/install/cra_description/share/cra_description/meshes/cr16/Link6.STL
[0.126s] -- Up-to-date: /home/huahai/dobot_ws/install/cra_description/share/cra_description/meshes/cr16/Link5.STL
[0.126s] -- Up-to-date: /home/huahai/dobot_ws/install/cra_description/share/cra_description/meshes/cr16/Link3.STL
[0.126s] -- Up-to-date: /home/huahai/dobot_ws/install/cra_description/share/cra_description/meshes/cr16/Link2.STL
[0.126s] -- Up-to-date: /home/huahai/dobot_ws/install/cra_description/share/cra_description/meshes/cr16/Link1.STL
[0.126s] -- Up-to-date: /home/huahai/dobot_ws/install/cra_description/share/cra_description/meshes/cr16/base_link.STL
[0.126s] -- Up-to-date: /home/huahai/dobot_ws/install/cra_description/share/cra_description/meshes/cr7
[0.126s] -- Up-to-date: /home/huahai/dobot_ws/install/cra_description/share/cra_description/meshes/cr7/J2.STL
[0.126s] -- Up-to-date: /home/huahai/dobot_ws/install/cra_description/share/cra_description/meshes/cr7/J3.STL
[0.127s] -- Up-to-date: /home/huahai/dobot_ws/install/cra_description/share/cra_description/meshes/cr7/base_link0.STL
[0.127s] -- Up-to-date: /home/huahai/dobot_ws/install/cra_description/share/cra_description/meshes/cr7/J4.STL
[0.127s] -- Up-to-date: /home/huahai/dobot_ws/install/cra_description/share/cra_description/meshes/cr7/J5.STL
[0.127s] -- Up-to-date: /home/huahai/dobot_ws/install/cra_description/share/cra_description/meshes/cr7/J6.STL
[0.128s] -- Up-to-date: /home/huahai/dobot_ws/install/cra_description/share/cra_description/meshes/cr7/J1.STL
[0.128s] -- Up-to-date: /home/huahai/dobot_ws/install/cra_description/share/cra_description/meshes/cr12
[0.128s] -- Up-to-date: /home/huahai/dobot_ws/install/cra_description/share/cra_description/meshes/cr12/J2.STL
[0.128s] -- Up-to-date: /home/huahai/dobot_ws/install/cra_description/share/cra_description/meshes/cr12/J3.STL
[0.128s] -- Up-to-date: /home/huahai/dobot_ws/install/cra_description/share/cra_description/meshes/cr12/base_link0.STL
[0.128s] -- Up-to-date: /home/huahai/dobot_ws/install/cra_description/share/cra_description/meshes/cr12/J4.STL
[0.128s] -- Up-to-date: /home/huahai/dobot_ws/install/cra_description/share/cra_description/meshes/cr12/J5.STL
[0.128s] -- Up-to-date: /home/huahai/dobot_ws/install/cra_description/share/cra_description/meshes/cr12/J6.STL
[0.128s] -- Up-to-date: /home/huahai/dobot_ws/install/cra_description/share/cra_description/meshes/cr12/J1.STL
[0.128s] -- Up-to-date: /home/huahai/dobot_ws/install/cra_description/share/cra_description/meshes/cr10
[0.128s] -- Up-to-date: /home/huahai/dobot_ws/install/cra_description/share/cra_description/meshes/cr10/Link4.STL
[0.128s] -- Up-to-date: /home/huahai/dobot_ws/install/cra_description/share/cra_description/meshes/cr10/Link6.STL
[0.128s] -- Up-to-date: /home/huahai/dobot_ws/install/cra_description/share/cra_description/meshes/cr10/Link5.STL
[0.128s] -- Up-to-date: /home/huahai/dobot_ws/install/cra_description/share/cra_description/meshes/cr10/Link3.STL
[0.129s] -- Up-to-date: /home/huahai/dobot_ws/install/cra_description/share/cra_description/meshes/cr10/Link2.STL
[0.129s] -- Up-to-date: /home/huahai/dobot_ws/install/cra_description/share/cra_description/meshes/cr10/Link1.STL
[0.129s] -- Up-to-date: /home/huahai/dobot_ws/install/cra_description/share/cra_description/meshes/cr10/base_link.STL
[0.129s] -- Up-to-date: /home/huahai/dobot_ws/install/cra_description/share/cra_description/meshes/nova2
[0.129s] -- Up-to-date: /home/huahai/dobot_ws/install/cra_description/share/cra_description/meshes/nova2/Link4.STL
[0.129s] -- Up-to-date: /home/huahai/dobot_ws/install/cra_description/share/cra_description/meshes/nova2/Link6.STL
[0.129s] -- Up-to-date: /home/huahai/dobot_ws/install/cra_description/share/cra_description/meshes/nova2/Link5.STL
[0.129s] -- Up-to-date: /home/huahai/dobot_ws/install/cra_description/share/cra_description/meshes/nova2/Link3.STL
[0.129s] -- Up-to-date: /home/huahai/dobot_ws/install/cra_description/share/cra_description/meshes/nova2/Link2.STL
[0.129s] -- Up-to-date: /home/huahai/dobot_ws/install/cra_description/share/cra_description/meshes/nova2/Link1.STL
[0.129s] -- Up-to-date: /home/huahai/dobot_ws/install/cra_description/share/cra_description/meshes/nova2/base_link.STL
[0.130s] -- Up-to-date: /home/huahai/dobot_ws/install/cra_description/share/cra_description/meshes/cr3
[0.130s] -- Up-to-date: /home/huahai/dobot_ws/install/cra_description/share/cra_description/meshes/cr3/Link4.STL
[0.130s] -- Up-to-date: /home/huahai/dobot_ws/install/cra_description/share/cra_description/meshes/cr3/Link6.STL
[0.130s] -- Up-to-date: /home/huahai/dobot_ws/install/cra_description/share/cra_description/meshes/cr3/Link5.STL
[0.130s] -- Up-to-date: /home/huahai/dobot_ws/install/cra_description/share/cra_description/meshes/cr3/Link3.STL
[0.130s] -- Up-to-date: /home/huahai/dobot_ws/install/cra_description/share/cra_description/meshes/cr3/Link2.STL
[0.130s] -- Up-to-date: /home/huahai/dobot_ws/install/cra_description/share/cra_description/meshes/cr3/Link1.STL
[0.130s] -- Up-to-date: /home/huahai/dobot_ws/install/cra_description/share/cra_description/meshes/cr3/base_link.STL
[0.131s] Invoked command in '/home/huahai/dobot_ws/build/cra_description' returned '0': CMAKE_PREFIX_PATH=${CMAKE_PREFIX_PATH}:/home/huahai/dobot_ws/install/robot_control_api:/home/huahai/dobot_ws/install/qt_robot_control:/home/huahai/dobot_ws/install/servo_action:/home/huahai/dobot_ws/install/dobot_bringup_v3:/home/huahai/dobot_ws/install/dobot_moveit:/home/huahai/dobot_ws/install/dobot_demo:/opt/ros/humble /usr/bin/cmake --install /home/huahai/dobot_ws/build/cra_description
