[0.369s] Invoking command in '/home/huahai/dobot_ws/src/DOBOT_6Axis_ROS2_V3/servo_action': PYTHONPATH=/home/huahai/dobot_ws/build/servo_action/prefix_override:/usr/lib/python3/dist-packages/colcon_core/task/python/colcon_distutils_commands:/home/huahai/dobot_ws/install/servo_action/lib/python3.10/site-packages:${PYTHONPATH} /usr/bin/python3 -W ignore:setup.py install is deprecated -W ignore:easy_install command is deprecated setup.py egg_info --egg-base ../../../build/servo_action build --build-base /home/huahai/dobot_ws/build/servo_action/build install --record /home/huahai/dobot_ws/build/servo_action/install.log --single-version-externally-managed install_data
[0.518s] running egg_info
[0.518s] creating ../../../build/servo_action/servo_action.egg-info
[0.518s] writing ../../../build/servo_action/servo_action.egg-info/PKG-INFO
[0.519s] writing dependency_links to ../../../build/servo_action/servo_action.egg-info/dependency_links.txt
[0.519s] writing entry points to ../../../build/servo_action/servo_action.egg-info/entry_points.txt
[0.519s] writing requirements to ../../../build/servo_action/servo_action.egg-info/requires.txt
[0.519s] writing top-level names to ../../../build/servo_action/servo_action.egg-info/top_level.txt
[0.519s] writing manifest file '../../../build/servo_action/servo_action.egg-info/SOURCES.txt'
[0.520s] reading manifest file '../../../build/servo_action/servo_action.egg-info/SOURCES.txt'
[0.520s] writing manifest file '../../../build/servo_action/servo_action.egg-info/SOURCES.txt'
[0.523s] running build
[0.523s] running build_py
[0.523s] creating /home/huahai/dobot_ws/build/servo_action/build
[0.523s] creating /home/huahai/dobot_ws/build/servo_action/build/lib
[0.523s] creating /home/huahai/dobot_ws/build/servo_action/build/lib/servo_action
[0.523s] copying servo_action/__init__.py -> /home/huahai/dobot_ws/build/servo_action/build/lib/servo_action
[0.523s] copying servo_action/Joint_Position.py -> /home/huahai/dobot_ws/build/servo_action/build/lib/servo_action
[0.523s] copying servo_action/action_move_client.py -> /home/huahai/dobot_ws/build/servo_action/build/lib/servo_action
[0.523s] running install
[0.523s] running install_lib
[0.523s] creating /home/huahai/dobot_ws/install/servo_action/lib/python3.10/site-packages/servo_action
[0.523s] copying /home/huahai/dobot_ws/build/servo_action/build/lib/servo_action/__init__.py -> /home/huahai/dobot_ws/install/servo_action/lib/python3.10/site-packages/servo_action
[0.523s] copying /home/huahai/dobot_ws/build/servo_action/build/lib/servo_action/Joint_Position.py -> /home/huahai/dobot_ws/install/servo_action/lib/python3.10/site-packages/servo_action
[0.523s] copying /home/huahai/dobot_ws/build/servo_action/build/lib/servo_action/action_move_client.py -> /home/huahai/dobot_ws/install/servo_action/lib/python3.10/site-packages/servo_action
[0.523s] byte-compiling /home/huahai/dobot_ws/install/servo_action/lib/python3.10/site-packages/servo_action/__init__.py to __init__.cpython-310.pyc
[0.523s] byte-compiling /home/huahai/dobot_ws/install/servo_action/lib/python3.10/site-packages/servo_action/Joint_Position.py to Joint_Position.cpython-310.pyc
[0.523s] byte-compiling /home/huahai/dobot_ws/install/servo_action/lib/python3.10/site-packages/servo_action/action_move_client.py to action_move_client.cpython-310.pyc
[0.523s] running install_data
[0.523s] creating /home/huahai/dobot_ws/install/servo_action/share/ament_index
[0.523s] creating /home/huahai/dobot_ws/install/servo_action/share/ament_index/resource_index
[0.523s] creating /home/huahai/dobot_ws/install/servo_action/share/ament_index/resource_index/packages
[0.523s] copying resource/servo_action -> /home/huahai/dobot_ws/install/servo_action/share/ament_index/resource_index/packages
[0.523s] copying package.xml -> /home/huahai/dobot_ws/install/servo_action/share/servo_action
[0.524s] running install_egg_info
[0.525s] Copying ../../../build/servo_action/servo_action.egg-info to /home/huahai/dobot_ws/install/servo_action/lib/python3.10/site-packages/servo_action-0.0.0-py3.10.egg-info
[0.525s] running install_scripts
[0.539s] Installing Joint_Position script to /home/huahai/dobot_ws/install/servo_action/lib/servo_action
[0.539s] Installing action_move_client script to /home/huahai/dobot_ws/install/servo_action/lib/servo_action
[0.539s] writing list of installed files to '/home/huahai/dobot_ws/build/servo_action/install.log'
[0.554s] Invoked command in '/home/huahai/dobot_ws/src/DOBOT_6Axis_ROS2_V3/servo_action' returned '0': PYTHONPATH=/home/huahai/dobot_ws/build/servo_action/prefix_override:/usr/lib/python3/dist-packages/colcon_core/task/python/colcon_distutils_commands:/home/huahai/dobot_ws/install/servo_action/lib/python3.10/site-packages:${PYTHONPATH} /usr/bin/python3 -W ignore:setup.py install is deprecated -W ignore:easy_install command is deprecated setup.py egg_info --egg-base ../../../build/servo_action build --build-base /home/huahai/dobot_ws/build/servo_action/build install --record /home/huahai/dobot_ws/build/servo_action/install.log --single-version-externally-managed install_data
