[0.575s] Invoking command in '/home/huahai/dobot_ws/src/DOBOT_6Axis_ROS2_V3/dobot_demo': PYTHONPATH=/home/huahai/dobot_ws/build/dobot_demo/prefix_override:/usr/lib/python3/dist-packages/colcon_core/task/python/colcon_distutils_commands:/home/huahai/dobot_ws/install/dobot_demo/lib/python3.10/site-packages:${PYTHONPATH} /usr/bin/python3 -W ignore:setup.py install is deprecated -W ignore:easy_install command is deprecated setup.py egg_info --egg-base ../../../build/dobot_demo build --build-base /home/huahai/dobot_ws/build/dobot_demo/build install --record /home/huahai/dobot_ws/build/dobot_demo/install.log --single-version-externally-managed install_data
[0.764s] running egg_info
[0.764s] creating ../../../build/dobot_demo/dobot_demo.egg-info
[0.764s] writing ../../../build/dobot_demo/dobot_demo.egg-info/PKG-INFO
[0.765s] writing dependency_links to ../../../build/dobot_demo/dobot_demo.egg-info/dependency_links.txt
[0.765s] writing entry points to ../../../build/dobot_demo/dobot_demo.egg-info/entry_points.txt
[0.765s] writing requirements to ../../../build/dobot_demo/dobot_demo.egg-info/requires.txt
[0.765s] writing top-level names to ../../../build/dobot_demo/dobot_demo.egg-info/top_level.txt
[0.765s] writing manifest file '../../../build/dobot_demo/dobot_demo.egg-info/SOURCES.txt'
[0.768s] reading manifest file '../../../build/dobot_demo/dobot_demo.egg-info/SOURCES.txt'
[0.768s] writing manifest file '../../../build/dobot_demo/dobot_demo.egg-info/SOURCES.txt'
[0.768s] running build
[0.768s] running build_py
[0.768s] creating /home/huahai/dobot_ws/build/dobot_demo/build
[0.768s] creating /home/huahai/dobot_ws/build/dobot_demo/build/lib
[0.769s] creating /home/huahai/dobot_ws/build/dobot_demo/build/lib/dobot_demo
[0.769s] copying dobot_demo/__init__.py -> /home/huahai/dobot_ws/build/dobot_demo/build/lib/dobot_demo
[0.769s] copying dobot_demo/demo.py -> /home/huahai/dobot_ws/build/dobot_demo/build/lib/dobot_demo
[0.769s] running install
[0.769s] running install_lib
[0.769s] creating /home/huahai/dobot_ws/install/dobot_demo/lib/python3.10/site-packages/dobot_demo
[0.769s] copying /home/huahai/dobot_ws/build/dobot_demo/build/lib/dobot_demo/__init__.py -> /home/huahai/dobot_ws/install/dobot_demo/lib/python3.10/site-packages/dobot_demo
[0.769s] copying /home/huahai/dobot_ws/build/dobot_demo/build/lib/dobot_demo/demo.py -> /home/huahai/dobot_ws/install/dobot_demo/lib/python3.10/site-packages/dobot_demo
[0.769s] byte-compiling /home/huahai/dobot_ws/install/dobot_demo/lib/python3.10/site-packages/dobot_demo/__init__.py to __init__.cpython-310.pyc
[0.769s] byte-compiling /home/huahai/dobot_ws/install/dobot_demo/lib/python3.10/site-packages/dobot_demo/demo.py to demo.cpython-310.pyc
[0.770s] running install_data
[0.770s] creating /home/huahai/dobot_ws/install/dobot_demo/share/ament_index
[0.770s] creating /home/huahai/dobot_ws/install/dobot_demo/share/ament_index/resource_index
[0.770s] creating /home/huahai/dobot_ws/install/dobot_demo/share/ament_index/resource_index/packages
[0.770s] copying resource/dobot_demo -> /home/huahai/dobot_ws/install/dobot_demo/share/ament_index/resource_index/packages
[0.770s] copying package.xml -> /home/huahai/dobot_ws/install/dobot_demo/share/dobot_demo
[0.770s] running install_egg_info
[0.771s] Copying ../../../build/dobot_demo/dobot_demo.egg-info to /home/huahai/dobot_ws/install/dobot_demo/lib/python3.10/site-packages/dobot_demo-0.0.0-py3.10.egg-info
[0.772s] running install_scripts
[0.786s] Installing demo script to /home/huahai/dobot_ws/install/dobot_demo/lib/dobot_demo
[0.787s] writing list of installed files to '/home/huahai/dobot_ws/build/dobot_demo/install.log'
[0.803s] Invoked command in '/home/huahai/dobot_ws/src/DOBOT_6Axis_ROS2_V3/dobot_demo' returned '0': PYTHONPATH=/home/huahai/dobot_ws/build/dobot_demo/prefix_override:/usr/lib/python3/dist-packages/colcon_core/task/python/colcon_distutils_commands:/home/huahai/dobot_ws/install/dobot_demo/lib/python3.10/site-packages:${PYTHONPATH} /usr/bin/python3 -W ignore:setup.py install is deprecated -W ignore:easy_install command is deprecated setup.py egg_info --egg-base ../../../build/dobot_demo build --build-base /home/huahai/dobot_ws/build/dobot_demo/build install --record /home/huahai/dobot_ws/build/dobot_demo/install.log --single-version-externally-managed install_data
