[0.021s] Invoking command in '/home/huahai/dobot_ws/build/dobot_rviz': CMAKE_PREFIX_PATH=${CMAKE_PREFIX_PATH}:/home/huahai/dobot_ws/install/robot_control_api:/home/huahai/dobot_ws/install/qt_robot_control:/home/huahai/dobot_ws/install/servo_action:/home/huahai/dobot_ws/install/dobot_bringup_v3:/home/huahai/dobot_ws/install/dobot_moveit:/home/huahai/dobot_ws/install/dobot_demo:/opt/ros/humble /usr/bin/cmake --build /home/huahai/dobot_ws/build/dobot_rviz -- -j2 -l2
[0.125s] Invoked command in '/home/huahai/dobot_ws/build/dobot_rviz' returned '0': CMAKE_PREFIX_PATH=${CMAKE_PREFIX_PATH}:/home/huahai/dobot_ws/install/robot_control_api:/home/huahai/dobot_ws/install/qt_robot_control:/home/huahai/dobot_ws/install/servo_action:/home/huahai/dobot_ws/install/dobot_bringup_v3:/home/huahai/dobot_ws/install/dobot_moveit:/home/huahai/dobot_ws/install/dobot_demo:/opt/ros/humble /usr/bin/cmake --build /home/huahai/dobot_ws/build/dobot_rviz -- -j2 -l2
[0.137s] Invoking command in '/home/huahai/dobot_ws/build/dobot_rviz': CMAKE_PREFIX_PATH=${CMAKE_PREFIX_PATH}:/home/huahai/dobot_ws/install/robot_control_api:/home/huahai/dobot_ws/install/qt_robot_control:/home/huahai/dobot_ws/install/servo_action:/home/huahai/dobot_ws/install/dobot_bringup_v3:/home/huahai/dobot_ws/install/dobot_moveit:/home/huahai/dobot_ws/install/dobot_demo:/opt/ros/humble /usr/bin/cmake --install /home/huahai/dobot_ws/build/dobot_rviz
[0.146s] -- Install configuration: ""
[0.147s] -- Up-to-date: /home/huahai/dobot_ws/install/dobot_rviz/share/dobot_rviz/launch
[0.147s] -- Up-to-date: /home/huahai/dobot_ws/install/dobot_rviz/share/dobot_rviz/launch/dobot_rviz.launch.py
[0.149s] -- Up-to-date: /home/huahai/dobot_ws/install/dobot_rviz/share/dobot_rviz/urdf
[0.149s] -- Up-to-date: /home/huahai/dobot_ws/install/dobot_rviz/share/dobot_rviz/urdf/cr10_robot.urdf
[0.149s] -- Up-to-date: /home/huahai/dobot_ws/install/dobot_rviz/share/dobot_rviz/urdf/cr16_robot.urdf
[0.149s] -- Up-to-date: /home/huahai/dobot_ws/install/dobot_rviz/share/dobot_rviz/urdf/cr12_robot.urdf
[0.150s] -- Up-to-date: /home/huahai/dobot_ws/install/dobot_rviz/share/dobot_rviz/urdf/cr7_robot.urdf
[0.150s] -- Up-to-date: /home/huahai/dobot_ws/install/dobot_rviz/share/dobot_rviz/urdf/cr5_robot.urdf
[0.151s] -- Up-to-date: /home/huahai/dobot_ws/install/dobot_rviz/share/dobot_rviz/urdf/nova5_robot.urdf
[0.151s] -- Up-to-date: /home/huahai/dobot_ws/install/dobot_rviz/share/dobot_rviz/urdf/cr3_robot.urdf
[0.151s] -- Up-to-date: /home/huahai/dobot_ws/install/dobot_rviz/share/dobot_rviz/urdf/nova2_robot.urdf
[0.151s] -- Up-to-date: /home/huahai/dobot_ws/install/dobot_rviz/share/dobot_rviz/rviz
[0.151s] -- Up-to-date: /home/huahai/dobot_ws/install/dobot_rviz/share/dobot_rviz/rviz/urdf.rviz
[0.151s] -- Up-to-date: /home/huahai/dobot_ws/install/dobot_rviz/share/dobot_rviz/meshes
[0.151s] -- Up-to-date: /home/huahai/dobot_ws/install/dobot_rviz/share/dobot_rviz/meshes/nova5
[0.151s] -- Up-to-date: /home/huahai/dobot_ws/install/dobot_rviz/share/dobot_rviz/meshes/nova5/Link4.STL
[0.151s] -- Up-to-date: /home/huahai/dobot_ws/install/dobot_rviz/share/dobot_rviz/meshes/nova5/Link6.STL
[0.151s] -- Up-to-date: /home/huahai/dobot_ws/install/dobot_rviz/share/dobot_rviz/meshes/nova5/Link5.STL
[0.151s] -- Up-to-date: /home/huahai/dobot_ws/install/dobot_rviz/share/dobot_rviz/meshes/nova5/Link3.STL
[0.151s] -- Up-to-date: /home/huahai/dobot_ws/install/dobot_rviz/share/dobot_rviz/meshes/nova5/Link2.STL
[0.151s] -- Up-to-date: /home/huahai/dobot_ws/install/dobot_rviz/share/dobot_rviz/meshes/nova5/Link1.STL
[0.151s] -- Up-to-date: /home/huahai/dobot_ws/install/dobot_rviz/share/dobot_rviz/meshes/nova5/base_link.STL
[0.153s] -- Up-to-date: /home/huahai/dobot_ws/install/dobot_rviz/share/dobot_rviz/meshes/cr5
[0.153s] -- Up-to-date: /home/huahai/dobot_ws/install/dobot_rviz/share/dobot_rviz/meshes/cr5/Link6.dae
[0.153s] -- Up-to-date: /home/huahai/dobot_ws/install/dobot_rviz/share/dobot_rviz/meshes/cr5/base_link.dae
[0.153s] -- Up-to-date: /home/huahai/dobot_ws/install/dobot_rviz/share/dobot_rviz/meshes/cr5/Link4.dae
[0.153s] -- Up-to-date: /home/huahai/dobot_ws/install/dobot_rviz/share/dobot_rviz/meshes/cr5/Link2.dae
[0.154s] -- Up-to-date: /home/huahai/dobot_ws/install/dobot_rviz/share/dobot_rviz/meshes/cr5/Link3.dae
[0.154s] -- Up-to-date: /home/huahai/dobot_ws/install/dobot_rviz/share/dobot_rviz/meshes/cr5/Link5.dae
[0.154s] -- Up-to-date: /home/huahai/dobot_ws/install/dobot_rviz/share/dobot_rviz/meshes/cr5/Link1.dae
[0.154s] -- Up-to-date: /home/huahai/dobot_ws/install/dobot_rviz/share/dobot_rviz/meshes/cr16
[0.154s] -- Up-to-date: /home/huahai/dobot_ws/install/dobot_rviz/share/dobot_rviz/meshes/cr16/Link4.STL
[0.154s] -- Up-to-date: /home/huahai/dobot_ws/install/dobot_rviz/share/dobot_rviz/meshes/cr16/Link6.STL
[0.154s] -- Up-to-date: /home/huahai/dobot_ws/install/dobot_rviz/share/dobot_rviz/meshes/cr16/Link5.STL
[0.154s] -- Up-to-date: /home/huahai/dobot_ws/install/dobot_rviz/share/dobot_rviz/meshes/cr16/Link3.STL
[0.154s] -- Up-to-date: /home/huahai/dobot_ws/install/dobot_rviz/share/dobot_rviz/meshes/cr16/Link2.STL
[0.154s] -- Up-to-date: /home/huahai/dobot_ws/install/dobot_rviz/share/dobot_rviz/meshes/cr16/Link1.STL
[0.154s] -- Up-to-date: /home/huahai/dobot_ws/install/dobot_rviz/share/dobot_rviz/meshes/cr16/base_link.STL
[0.154s] -- Up-to-date: /home/huahai/dobot_ws/install/dobot_rviz/share/dobot_rviz/meshes/cr7
[0.154s] -- Up-to-date: /home/huahai/dobot_ws/install/dobot_rviz/share/dobot_rviz/meshes/cr7/J2.STL
[0.154s] -- Up-to-date: /home/huahai/dobot_ws/install/dobot_rviz/share/dobot_rviz/meshes/cr7/J3.STL
[0.154s] -- Up-to-date: /home/huahai/dobot_ws/install/dobot_rviz/share/dobot_rviz/meshes/cr7/base_link0.STL
[0.154s] -- Up-to-date: /home/huahai/dobot_ws/install/dobot_rviz/share/dobot_rviz/meshes/cr7/J4.STL
[0.154s] -- Up-to-date: /home/huahai/dobot_ws/install/dobot_rviz/share/dobot_rviz/meshes/cr7/J5.STL
[0.154s] -- Up-to-date: /home/huahai/dobot_ws/install/dobot_rviz/share/dobot_rviz/meshes/cr7/J6.STL
[0.154s] -- Up-to-date: /home/huahai/dobot_ws/install/dobot_rviz/share/dobot_rviz/meshes/cr7/J1.STL
[0.154s] -- Up-to-date: /home/huahai/dobot_ws/install/dobot_rviz/share/dobot_rviz/meshes/cr12
[0.154s] -- Up-to-date: /home/huahai/dobot_ws/install/dobot_rviz/share/dobot_rviz/meshes/cr12/J2.STL
[0.154s] -- Up-to-date: /home/huahai/dobot_ws/install/dobot_rviz/share/dobot_rviz/meshes/cr12/J3.STL
[0.154s] -- Up-to-date: /home/huahai/dobot_ws/install/dobot_rviz/share/dobot_rviz/meshes/cr12/base_link0.STL
[0.154s] -- Up-to-date: /home/huahai/dobot_ws/install/dobot_rviz/share/dobot_rviz/meshes/cr12/J4.STL
[0.154s] -- Up-to-date: /home/huahai/dobot_ws/install/dobot_rviz/share/dobot_rviz/meshes/cr12/J5.STL
[0.154s] -- Up-to-date: /home/huahai/dobot_ws/install/dobot_rviz/share/dobot_rviz/meshes/cr12/J6.STL
[0.155s] -- Up-to-date: /home/huahai/dobot_ws/install/dobot_rviz/share/dobot_rviz/meshes/cr12/J1.STL
[0.155s] -- Up-to-date: /home/huahai/dobot_ws/install/dobot_rviz/share/dobot_rviz/meshes/cr10
[0.155s] -- Up-to-date: /home/huahai/dobot_ws/install/dobot_rviz/share/dobot_rviz/meshes/cr10/Link4.STL
[0.155s] -- Up-to-date: /home/huahai/dobot_ws/install/dobot_rviz/share/dobot_rviz/meshes/cr10/Link6.STL
[0.155s] -- Up-to-date: /home/huahai/dobot_ws/install/dobot_rviz/share/dobot_rviz/meshes/cr10/Link5.STL
[0.155s] -- Up-to-date: /home/huahai/dobot_ws/install/dobot_rviz/share/dobot_rviz/meshes/cr10/Link3.STL
[0.155s] -- Up-to-date: /home/huahai/dobot_ws/install/dobot_rviz/share/dobot_rviz/meshes/cr10/Link2.STL
[0.155s] -- Up-to-date: /home/huahai/dobot_ws/install/dobot_rviz/share/dobot_rviz/meshes/cr10/Link1.STL
[0.155s] -- Up-to-date: /home/huahai/dobot_ws/install/dobot_rviz/share/dobot_rviz/meshes/cr10/base_link.STL
[0.155s] -- Up-to-date: /home/huahai/dobot_ws/install/dobot_rviz/share/dobot_rviz/meshes/nova2
[0.155s] -- Up-to-date: /home/huahai/dobot_ws/install/dobot_rviz/share/dobot_rviz/meshes/nova2/Link4.STL
[0.155s] -- Up-to-date: /home/huahai/dobot_ws/install/dobot_rviz/share/dobot_rviz/meshes/nova2/Link6.STL
[0.155s] -- Up-to-date: /home/huahai/dobot_ws/install/dobot_rviz/share/dobot_rviz/meshes/nova2/Link5.STL
[0.155s] -- Up-to-date: /home/huahai/dobot_ws/install/dobot_rviz/share/dobot_rviz/meshes/nova2/Link3.STL
[0.155s] -- Up-to-date: /home/huahai/dobot_ws/install/dobot_rviz/share/dobot_rviz/meshes/nova2/Link2.STL
[0.155s] -- Up-to-date: /home/huahai/dobot_ws/install/dobot_rviz/share/dobot_rviz/meshes/nova2/Link1.STL
[0.155s] -- Up-to-date: /home/huahai/dobot_ws/install/dobot_rviz/share/dobot_rviz/meshes/nova2/base_link.STL
[0.155s] -- Up-to-date: /home/huahai/dobot_ws/install/dobot_rviz/share/dobot_rviz/meshes/cr3
[0.155s] -- Up-to-date: /home/huahai/dobot_ws/install/dobot_rviz/share/dobot_rviz/meshes/cr3/Link4.STL
[0.155s] -- Up-to-date: /home/huahai/dobot_ws/install/dobot_rviz/share/dobot_rviz/meshes/cr3/Link6.STL
[0.155s] -- Up-to-date: /home/huahai/dobot_ws/install/dobot_rviz/share/dobot_rviz/meshes/cr3/Link5.STL
[0.155s] -- Up-to-date: /home/huahai/dobot_ws/install/dobot_rviz/share/dobot_rviz/meshes/cr3/Link3.STL
[0.155s] -- Up-to-date: /home/huahai/dobot_ws/install/dobot_rviz/share/dobot_rviz/meshes/cr3/Link2.STL
[0.155s] -- Up-to-date: /home/huahai/dobot_ws/install/dobot_rviz/share/dobot_rviz/meshes/cr3/Link1.STL
[0.155s] -- Up-to-date: /home/huahai/dobot_ws/install/dobot_rviz/share/dobot_rviz/meshes/cr3/base_link.STL
[0.155s] -- Up-to-date: /home/huahai/dobot_ws/install/dobot_rviz/share/ament_index/resource_index/package_run_dependencies/dobot_rviz
[0.155s] -- Up-to-date: /home/huahai/dobot_ws/install/dobot_rviz/share/ament_index/resource_index/parent_prefix_path/dobot_rviz
[0.155s] -- Up-to-date: /home/huahai/dobot_ws/install/dobot_rviz/share/dobot_rviz/environment/ament_prefix_path.sh
[0.156s] -- Up-to-date: /home/huahai/dobot_ws/install/dobot_rviz/share/dobot_rviz/environment/ament_prefix_path.dsv
[0.156s] -- Up-to-date: /home/huahai/dobot_ws/install/dobot_rviz/share/dobot_rviz/environment/path.sh
[0.156s] -- Up-to-date: /home/huahai/dobot_ws/install/dobot_rviz/share/dobot_rviz/environment/path.dsv
[0.156s] -- Up-to-date: /home/huahai/dobot_ws/install/dobot_rviz/share/dobot_rviz/local_setup.bash
[0.156s] -- Up-to-date: /home/huahai/dobot_ws/install/dobot_rviz/share/dobot_rviz/local_setup.sh
[0.156s] -- Up-to-date: /home/huahai/dobot_ws/install/dobot_rviz/share/dobot_rviz/local_setup.zsh
[0.156s] -- Up-to-date: /home/huahai/dobot_ws/install/dobot_rviz/share/dobot_rviz/local_setup.dsv
[0.156s] -- Up-to-date: /home/huahai/dobot_ws/install/dobot_rviz/share/dobot_rviz/package.dsv
[0.156s] -- Up-to-date: /home/huahai/dobot_ws/install/dobot_rviz/share/ament_index/resource_index/packages/dobot_rviz
[0.156s] -- Up-to-date: /home/huahai/dobot_ws/install/dobot_rviz/share/dobot_rviz/cmake/dobot_rvizConfig.cmake
[0.156s] -- Up-to-date: /home/huahai/dobot_ws/install/dobot_rviz/share/dobot_rviz/cmake/dobot_rvizConfig-version.cmake
[0.156s] -- Up-to-date: /home/huahai/dobot_ws/install/dobot_rviz/share/dobot_rviz/package.xml
[0.159s] Invoked command in '/home/huahai/dobot_ws/build/dobot_rviz' returned '0': CMAKE_PREFIX_PATH=${CMAKE_PREFIX_PATH}:/home/huahai/dobot_ws/install/robot_control_api:/home/huahai/dobot_ws/install/qt_robot_control:/home/huahai/dobot_ws/install/servo_action:/home/huahai/dobot_ws/install/dobot_bringup_v3:/home/huahai/dobot_ws/install/dobot_moveit:/home/huahai/dobot_ws/install/dobot_demo:/opt/ros/humble /usr/bin/cmake --install /home/huahai/dobot_ws/build/dobot_rviz
