[0.013s] Invoking command in '/home/huahai/dobot_ws/build/nova2_moveit': AMENT_PREFIX_PATH=/home/huahai/dobot_ws/install/dobot_rviz:${AMENT_PREFIX_PATH} CMAKE_PREFIX_PATH=/home/huahai/dobot_ws/install/dobot_rviz:/opt/ros/humble /usr/bin/cmake /home/huahai/dobot_ws/src/DOBOT_6Axis_ROS2_V3/nova2_moveit -DCMAKE_INSTALL_PREFIX=/home/huahai/dobot_ws/install/nova2_moveit
[0.064s] -- The C compiler identification is GNU 11.4.0
[0.126s] -- The CXX compiler identification is GNU 11.4.0
[0.130s] -- Detecting C compiler ABI info
[0.211s] -- Detecting C compiler ABI info - done
[0.215s] -- Check for working C compiler: /usr/bin/cc - skipped
[0.215s] -- Detecting C compile features
[0.216s] -- Detecting C compile features - done
[0.220s] -- Detecting CXX compiler ABI info
[0.312s] -- Detecting CXX compiler ABI info - done
[0.322s] -- Check for working CXX compiler: /usr/bin/c++ - skipped
[0.323s] -- Detecting CXX compile features
[0.323s] -- Detecting CXX compile features - done
[0.328s] -- Found ament_cmake: 1.3.13 (/opt/ros/humble/share/ament_cmake/cmake)
[0.486s] -- Found Python3: /usr/bin/python3 (found version "3.10.12") found components: Interpreter 
[0.644s] -- Configuring done
[0.648s] -- Generating done
[0.654s] -- Build files have been written to: /home/huahai/dobot_ws/build/nova2_moveit
[0.664s] Invoked command in '/home/huahai/dobot_ws/build/nova2_moveit' returned '0': AMENT_PREFIX_PATH=/home/huahai/dobot_ws/install/dobot_rviz:${AMENT_PREFIX_PATH} CMAKE_PREFIX_PATH=/home/huahai/dobot_ws/install/dobot_rviz:/opt/ros/humble /usr/bin/cmake /home/huahai/dobot_ws/src/DOBOT_6Axis_ROS2_V3/nova2_moveit -DCMAKE_INSTALL_PREFIX=/home/huahai/dobot_ws/install/nova2_moveit
[0.665s] Invoking command in '/home/huahai/dobot_ws/build/nova2_moveit': AMENT_PREFIX_PATH=/home/huahai/dobot_ws/install/dobot_rviz:${AMENT_PREFIX_PATH} CMAKE_PREFIX_PATH=/home/huahai/dobot_ws/install/dobot_rviz:/opt/ros/humble /usr/bin/cmake --build /home/huahai/dobot_ws/build/nova2_moveit -- -j2 -l2
[0.717s] Invoked command in '/home/huahai/dobot_ws/build/nova2_moveit' returned '0': AMENT_PREFIX_PATH=/home/huahai/dobot_ws/install/dobot_rviz:${AMENT_PREFIX_PATH} CMAKE_PREFIX_PATH=/home/huahai/dobot_ws/install/dobot_rviz:/opt/ros/humble /usr/bin/cmake --build /home/huahai/dobot_ws/build/nova2_moveit -- -j2 -l2
[0.718s] Invoking command in '/home/huahai/dobot_ws/build/nova2_moveit': AMENT_PREFIX_PATH=/home/huahai/dobot_ws/install/dobot_rviz:${AMENT_PREFIX_PATH} CMAKE_PREFIX_PATH=/home/huahai/dobot_ws/install/dobot_rviz:/opt/ros/humble /usr/bin/cmake --install /home/huahai/dobot_ws/build/nova2_moveit
[0.725s] -- Install configuration: ""
[0.725s] -- Installing: /home/huahai/dobot_ws/install/nova2_moveit/share/ament_index/resource_index/package_run_dependencies/nova2_moveit
[0.726s] -- Installing: /home/huahai/dobot_ws/install/nova2_moveit/share/ament_index/resource_index/parent_prefix_path/nova2_moveit
[0.726s] -- Installing: /home/huahai/dobot_ws/install/nova2_moveit/share/nova2_moveit/environment/ament_prefix_path.sh
[0.726s] -- Installing: /home/huahai/dobot_ws/install/nova2_moveit/share/nova2_moveit/environment/ament_prefix_path.dsv
[0.726s] -- Installing: /home/huahai/dobot_ws/install/nova2_moveit/share/nova2_moveit/environment/path.sh
[0.726s] -- Installing: /home/huahai/dobot_ws/install/nova2_moveit/share/nova2_moveit/environment/path.dsv
[0.726s] -- Installing: /home/huahai/dobot_ws/install/nova2_moveit/share/nova2_moveit/local_setup.bash
[0.727s] -- Installing: /home/huahai/dobot_ws/install/nova2_moveit/share/nova2_moveit/local_setup.sh
[0.727s] -- Installing: /home/huahai/dobot_ws/install/nova2_moveit/share/nova2_moveit/local_setup.zsh
[0.727s] -- Installing: /home/huahai/dobot_ws/install/nova2_moveit/share/nova2_moveit/local_setup.dsv
[0.727s] -- Installing: /home/huahai/dobot_ws/install/nova2_moveit/share/nova2_moveit/package.dsv
[0.727s] -- Installing: /home/huahai/dobot_ws/install/nova2_moveit/share/ament_index/resource_index/packages/nova2_moveit
[0.727s] -- Installing: /home/huahai/dobot_ws/install/nova2_moveit/share/nova2_moveit/cmake/nova2_moveitConfig.cmake
[0.728s] -- Installing: /home/huahai/dobot_ws/install/nova2_moveit/share/nova2_moveit/cmake/nova2_moveitConfig-version.cmake
[0.728s] -- Installing: /home/huahai/dobot_ws/install/nova2_moveit/share/nova2_moveit/package.xml
[0.728s] -- Installing: /home/huahai/dobot_ws/install/nova2_moveit/share/nova2_moveit/launch
[0.728s] -- Installing: /home/huahai/dobot_ws/install/nova2_moveit/share/nova2_moveit/launch/moveit_rviz.launch.py
[0.729s] -- Installing: /home/huahai/dobot_ws/install/nova2_moveit/share/nova2_moveit/launch/dobot_moveit.launch.py
[0.729s] -- Installing: /home/huahai/dobot_ws/install/nova2_moveit/share/nova2_moveit/launch/moveit_gazebo.launch.py
[0.729s] -- Installing: /home/huahai/dobot_ws/install/nova2_moveit/share/nova2_moveit/launch/demo.launch.py
[0.729s] -- Installing: /home/huahai/dobot_ws/install/nova2_moveit/share/nova2_moveit/launch/setup_assistant.launch.py
[0.729s] -- Installing: /home/huahai/dobot_ws/install/nova2_moveit/share/nova2_moveit/launch/rsp.launch.py
[0.729s] -- Installing: /home/huahai/dobot_ws/install/nova2_moveit/share/nova2_moveit/launch/static_virtual_joint_tfs.launch.py
[0.729s] -- Installing: /home/huahai/dobot_ws/install/nova2_moveit/share/nova2_moveit/launch/spawn_controllers.launch.py
[0.729s] -- Installing: /home/huahai/dobot_ws/install/nova2_moveit/share/nova2_moveit/launch/move_group.launch.py
[0.730s] -- Installing: /home/huahai/dobot_ws/install/nova2_moveit/share/nova2_moveit/launch/warehouse_db.launch.py
[0.730s] -- Installing: /home/huahai/dobot_ws/install/nova2_moveit/share/nova2_moveit/config
[0.730s] -- Installing: /home/huahai/dobot_ws/install/nova2_moveit/share/nova2_moveit/config/joint_limits.yaml
[0.731s] -- Installing: /home/huahai/dobot_ws/install/nova2_moveit/share/nova2_moveit/config/moveit.rviz
[0.731s] -- Installing: /home/huahai/dobot_ws/install/nova2_moveit/share/nova2_moveit/config/nova2_robot.ros2_control.xacro
[0.731s] -- Installing: /home/huahai/dobot_ws/install/nova2_moveit/share/nova2_moveit/config/pilz_cartesian_limits.yaml
[0.731s] -- Installing: /home/huahai/dobot_ws/install/nova2_moveit/share/nova2_moveit/config/nova2_robot.srdf
[0.731s] -- Installing: /home/huahai/dobot_ws/install/nova2_moveit/share/nova2_moveit/config/moveit_controllers.yaml
[0.731s] -- Installing: /home/huahai/dobot_ws/install/nova2_moveit/share/nova2_moveit/config/kinematics.yaml
[0.731s] -- Installing: /home/huahai/dobot_ws/install/nova2_moveit/share/nova2_moveit/config/nova2_robot.urdf.xacro
[0.731s] -- Installing: /home/huahai/dobot_ws/install/nova2_moveit/share/nova2_moveit/config/initial_positions.yaml
[0.731s] -- Installing: /home/huahai/dobot_ws/install/nova2_moveit/share/nova2_moveit/config/ros2_controllers.yaml
[0.732s] -- Installing: /home/huahai/dobot_ws/install/nova2_moveit/share/nova2_moveit/.setup_assistant
[0.732s] Invoked command in '/home/huahai/dobot_ws/build/nova2_moveit' returned '0': AMENT_PREFIX_PATH=/home/huahai/dobot_ws/install/dobot_rviz:${AMENT_PREFIX_PATH} CMAKE_PREFIX_PATH=/home/huahai/dobot_ws/install/dobot_rviz:/opt/ros/humble /usr/bin/cmake --install /home/huahai/dobot_ws/build/nova2_moveit
