[0.020s] Invoking command in '/home/huahai/dobot_ws/build/cr5_moveit': CMAKE_PREFIX_PATH=/home/huahai/dobot_ws/install/dobot_rviz:/home/huahai/dobot_ws/install/nova5_moveit:/home/huahai/dobot_ws/install/nova2_moveit:/home/huahai/dobot_ws/install/cr7_moveit:/home/huahai/dobot_ws/install/cr5_moveit:/home/huahai/dobot_ws/install/cr3_moveit:/home/huahai/dobot_ws/install/cr16_moveit:/home/huahai/dobot_ws/install/cr12_moveit:/home/huahai/dobot_ws/install/cr10_moveit:/home/huahai/dobot_ws/install/dobot_msgs_v3:/home/huahai/dobot_ws/install/dobot_gazebo:/home/huahai/dobot_ws/install/cra_description:/home/huahai/dobot_ws/install/robot_control_api:/home/huahai/dobot_ws/install/qt_robot_control:/home/huahai/dobot_ws/install/servo_action:/home/huahai/dobot_ws/install/dobot_bringup_v3:/home/huahai/dobot_ws/install/dobot_moveit:/home/huahai/dobot_ws/install/dobot_demo:/opt/ros/humble /usr/bin/cmake --build /home/huahai/dobot_ws/build/cr5_moveit -- -j2 -l2
[0.072s] Invoked command in '/home/huahai/dobot_ws/build/cr5_moveit' returned '0': CMAKE_PREFIX_PATH=/home/huahai/dobot_ws/install/dobot_rviz:/home/huahai/dobot_ws/install/nova5_moveit:/home/huahai/dobot_ws/install/nova2_moveit:/home/huahai/dobot_ws/install/cr7_moveit:/home/huahai/dobot_ws/install/cr5_moveit:/home/huahai/dobot_ws/install/cr3_moveit:/home/huahai/dobot_ws/install/cr16_moveit:/home/huahai/dobot_ws/install/cr12_moveit:/home/huahai/dobot_ws/install/cr10_moveit:/home/huahai/dobot_ws/install/dobot_msgs_v3:/home/huahai/dobot_ws/install/dobot_gazebo:/home/huahai/dobot_ws/install/cra_description:/home/huahai/dobot_ws/install/robot_control_api:/home/huahai/dobot_ws/install/qt_robot_control:/home/huahai/dobot_ws/install/servo_action:/home/huahai/dobot_ws/install/dobot_bringup_v3:/home/huahai/dobot_ws/install/dobot_moveit:/home/huahai/dobot_ws/install/dobot_demo:/opt/ros/humble /usr/bin/cmake --build /home/huahai/dobot_ws/build/cr5_moveit -- -j2 -l2
[0.081s] Invoking command in '/home/huahai/dobot_ws/build/cr5_moveit': CMAKE_PREFIX_PATH=/home/huahai/dobot_ws/install/dobot_rviz:/home/huahai/dobot_ws/install/nova5_moveit:/home/huahai/dobot_ws/install/nova2_moveit:/home/huahai/dobot_ws/install/cr7_moveit:/home/huahai/dobot_ws/install/cr5_moveit:/home/huahai/dobot_ws/install/cr3_moveit:/home/huahai/dobot_ws/install/cr16_moveit:/home/huahai/dobot_ws/install/cr12_moveit:/home/huahai/dobot_ws/install/cr10_moveit:/home/huahai/dobot_ws/install/dobot_msgs_v3:/home/huahai/dobot_ws/install/dobot_gazebo:/home/huahai/dobot_ws/install/cra_description:/home/huahai/dobot_ws/install/robot_control_api:/home/huahai/dobot_ws/install/qt_robot_control:/home/huahai/dobot_ws/install/servo_action:/home/huahai/dobot_ws/install/dobot_bringup_v3:/home/huahai/dobot_ws/install/dobot_moveit:/home/huahai/dobot_ws/install/dobot_demo:/opt/ros/humble /usr/bin/cmake --install /home/huahai/dobot_ws/build/cr5_moveit
[0.090s] -- Install configuration: ""
[0.090s] -- Up-to-date: /home/huahai/dobot_ws/install/cr5_moveit/share/ament_index/resource_index/package_run_dependencies/cr5_moveit
[0.090s] -- Up-to-date: /home/huahai/dobot_ws/install/cr5_moveit/share/ament_index/resource_index/parent_prefix_path/cr5_moveit
[0.090s] -- Up-to-date: /home/huahai/dobot_ws/install/cr5_moveit/share/cr5_moveit/environment/ament_prefix_path.sh
[0.090s] -- Up-to-date: /home/huahai/dobot_ws/install/cr5_moveit/share/cr5_moveit/environment/ament_prefix_path.dsv
[0.090s] -- Up-to-date: /home/huahai/dobot_ws/install/cr5_moveit/share/cr5_moveit/environment/path.sh
[0.090s] -- Up-to-date: /home/huahai/dobot_ws/install/cr5_moveit/share/cr5_moveit/environment/path.dsv
[0.091s] -- Up-to-date: /home/huahai/dobot_ws/install/cr5_moveit/share/cr5_moveit/local_setup.bash
[0.091s] -- Up-to-date: /home/huahai/dobot_ws/install/cr5_moveit/share/cr5_moveit/local_setup.sh
[0.092s] -- Up-to-date: /home/huahai/dobot_ws/install/cr5_moveit/share/cr5_moveit/local_setup.zsh
[0.093s] -- Up-to-date: /home/huahai/dobot_ws/install/cr5_moveit/share/cr5_moveit/local_setup.dsv
[0.094s] -- Installing: /home/huahai/dobot_ws/install/cr5_moveit/share/cr5_moveit/package.dsv
[0.095s] -- Up-to-date: /home/huahai/dobot_ws/install/cr5_moveit/share/ament_index/resource_index/packages/cr5_moveit
[0.096s] -- Up-to-date: /home/huahai/dobot_ws/install/cr5_moveit/share/cr5_moveit/cmake/cr5_moveitConfig.cmake
[0.096s] -- Up-to-date: /home/huahai/dobot_ws/install/cr5_moveit/share/cr5_moveit/cmake/cr5_moveitConfig-version.cmake
[0.096s] -- Up-to-date: /home/huahai/dobot_ws/install/cr5_moveit/share/cr5_moveit/package.xml
[0.096s] -- Up-to-date: /home/huahai/dobot_ws/install/cr5_moveit/share/cr5_moveit/launch
[0.097s] -- Up-to-date: /home/huahai/dobot_ws/install/cr5_moveit/share/cr5_moveit/launch/moveit_rviz.launch.py
[0.098s] -- Up-to-date: /home/huahai/dobot_ws/install/cr5_moveit/share/cr5_moveit/launch/dobot_moveit.launch.py
[0.098s] -- Up-to-date: /home/huahai/dobot_ws/install/cr5_moveit/share/cr5_moveit/launch/moveit_gazebo.launch.py
[0.098s] -- Up-to-date: /home/huahai/dobot_ws/install/cr5_moveit/share/cr5_moveit/launch/demo.launch.py
[0.098s] -- Up-to-date: /home/huahai/dobot_ws/install/cr5_moveit/share/cr5_moveit/launch/setup_assistant.launch.py
[0.098s] -- Up-to-date: /home/huahai/dobot_ws/install/cr5_moveit/share/cr5_moveit/launch/rsp.launch.py
[0.098s] -- Up-to-date: /home/huahai/dobot_ws/install/cr5_moveit/share/cr5_moveit/launch/static_virtual_joint_tfs.launch.py
[0.098s] -- Up-to-date: /home/huahai/dobot_ws/install/cr5_moveit/share/cr5_moveit/launch/spawn_controllers.launch.py
[0.098s] -- Up-to-date: /home/huahai/dobot_ws/install/cr5_moveit/share/cr5_moveit/launch/move_group.launch.py
[0.098s] -- Up-to-date: /home/huahai/dobot_ws/install/cr5_moveit/share/cr5_moveit/launch/warehouse_db.launch.py
[0.098s] -- Up-to-date: /home/huahai/dobot_ws/install/cr5_moveit/share/cr5_moveit/config
[0.098s] -- Up-to-date: /home/huahai/dobot_ws/install/cr5_moveit/share/cr5_moveit/config/joint_limits.yaml
[0.098s] -- Up-to-date: /home/huahai/dobot_ws/install/cr5_moveit/share/cr5_moveit/config/moveit.rviz
[0.099s] -- Up-to-date: /home/huahai/dobot_ws/install/cr5_moveit/share/cr5_moveit/config/pilz_cartesian_limits.yaml
[0.099s] -- Up-to-date: /home/huahai/dobot_ws/install/cr5_moveit/share/cr5_moveit/config/moveit_controllers.yaml
[0.099s] -- Up-to-date: /home/huahai/dobot_ws/install/cr5_moveit/share/cr5_moveit/config/kinematics.yaml
[0.099s] -- Up-to-date: /home/huahai/dobot_ws/install/cr5_moveit/share/cr5_moveit/config/cr5_robot.ros2_control.xacro
[0.099s] -- Up-to-date: /home/huahai/dobot_ws/install/cr5_moveit/share/cr5_moveit/config/cr5_robot.urdf.xacro
[0.099s] -- Up-to-date: /home/huahai/dobot_ws/install/cr5_moveit/share/cr5_moveit/config/initial_positions.yaml
[0.099s] -- Up-to-date: /home/huahai/dobot_ws/install/cr5_moveit/share/cr5_moveit/config/cr5_robot.srdf
[0.101s] -- Up-to-date: /home/huahai/dobot_ws/install/cr5_moveit/share/cr5_moveit/config/ros2_controllers.yaml
[0.101s] -- Up-to-date: /home/huahai/dobot_ws/install/cr5_moveit/share/cr5_moveit/.setup_assistant
[0.101s] Invoked command in '/home/huahai/dobot_ws/build/cr5_moveit' returned '0': CMAKE_PREFIX_PATH=/home/huahai/dobot_ws/install/dobot_rviz:/home/huahai/dobot_ws/install/nova5_moveit:/home/huahai/dobot_ws/install/nova2_moveit:/home/huahai/dobot_ws/install/cr7_moveit:/home/huahai/dobot_ws/install/cr5_moveit:/home/huahai/dobot_ws/install/cr3_moveit:/home/huahai/dobot_ws/install/cr16_moveit:/home/huahai/dobot_ws/install/cr12_moveit:/home/huahai/dobot_ws/install/cr10_moveit:/home/huahai/dobot_ws/install/dobot_msgs_v3:/home/huahai/dobot_ws/install/dobot_gazebo:/home/huahai/dobot_ws/install/cra_description:/home/huahai/dobot_ws/install/robot_control_api:/home/huahai/dobot_ws/install/qt_robot_control:/home/huahai/dobot_ws/install/servo_action:/home/huahai/dobot_ws/install/dobot_bringup_v3:/home/huahai/dobot_ws/install/dobot_moveit:/home/huahai/dobot_ws/install/dobot_demo:/opt/ros/humble /usr/bin/cmake --install /home/huahai/dobot_ws/build/cr5_moveit
