[0.012s] Invoking command in '/home/huahai/dobot_ws/build/cr12_moveit': AMENT_PREFIX_PATH=/home/huahai/dobot_ws/install/dobot_rviz:${AMENT_PREFIX_PATH} CMAKE_PREFIX_PATH=/home/huahai/dobot_ws/install/dobot_rviz:/opt/ros/humble /usr/bin/cmake /home/huahai/dobot_ws/src/DOBOT_6Axis_ROS2_V3/cr12_moveit -DCMAKE_INSTALL_PREFIX=/home/huahai/dobot_ws/install/cr12_moveit
[0.102s] -- The C compiler identification is GNU 11.4.0
[0.160s] -- The CXX compiler identification is GNU 11.4.0
[0.171s] -- Detecting C compiler ABI info
[0.282s] -- Detecting C compiler ABI info - done
[0.291s] -- Check for working C compiler: /usr/bin/cc - skipped
[0.291s] -- Detecting C compile features
[0.291s] -- Detecting C compile features - done
[0.295s] -- Detecting CXX compiler ABI info
[0.419s] -- Detecting CXX compiler ABI info - done
[0.428s] -- Check for working CXX compiler: /usr/bin/c++ - skipped
[0.429s] -- Detecting CXX compile features
[0.429s] -- Detecting CXX compile features - done
[0.432s] -- Found ament_cmake: 1.3.13 (/opt/ros/humble/share/ament_cmake/cmake)
[0.642s] -- Found Python3: /usr/bin/python3 (found version "3.10.12") found components: Interpreter 
[0.816s] -- Configuring done
[0.820s] -- Generating done
[0.823s] -- Build files have been written to: /home/huahai/dobot_ws/build/cr12_moveit
[0.829s] Invoked command in '/home/huahai/dobot_ws/build/cr12_moveit' returned '0': AMENT_PREFIX_PATH=/home/huahai/dobot_ws/install/dobot_rviz:${AMENT_PREFIX_PATH} CMAKE_PREFIX_PATH=/home/huahai/dobot_ws/install/dobot_rviz:/opt/ros/humble /usr/bin/cmake /home/huahai/dobot_ws/src/DOBOT_6Axis_ROS2_V3/cr12_moveit -DCMAKE_INSTALL_PREFIX=/home/huahai/dobot_ws/install/cr12_moveit
[0.830s] Invoking command in '/home/huahai/dobot_ws/build/cr12_moveit': AMENT_PREFIX_PATH=/home/huahai/dobot_ws/install/dobot_rviz:${AMENT_PREFIX_PATH} CMAKE_PREFIX_PATH=/home/huahai/dobot_ws/install/dobot_rviz:/opt/ros/humble /usr/bin/cmake --build /home/huahai/dobot_ws/build/cr12_moveit -- -j2 -l2
[0.898s] Invoked command in '/home/huahai/dobot_ws/build/cr12_moveit' returned '0': AMENT_PREFIX_PATH=/home/huahai/dobot_ws/install/dobot_rviz:${AMENT_PREFIX_PATH} CMAKE_PREFIX_PATH=/home/huahai/dobot_ws/install/dobot_rviz:/opt/ros/humble /usr/bin/cmake --build /home/huahai/dobot_ws/build/cr12_moveit -- -j2 -l2
[0.899s] Invoking command in '/home/huahai/dobot_ws/build/cr12_moveit': AMENT_PREFIX_PATH=/home/huahai/dobot_ws/install/dobot_rviz:${AMENT_PREFIX_PATH} CMAKE_PREFIX_PATH=/home/huahai/dobot_ws/install/dobot_rviz:/opt/ros/humble /usr/bin/cmake --install /home/huahai/dobot_ws/build/cr12_moveit
[0.909s] -- Install configuration: ""
[0.909s] -- Installing: /home/huahai/dobot_ws/install/cr12_moveit/share/ament_index/resource_index/package_run_dependencies/cr12_moveit
[0.909s] -- Installing: /home/huahai/dobot_ws/install/cr12_moveit/share/ament_index/resource_index/parent_prefix_path/cr12_moveit
[0.910s] -- Installing: /home/huahai/dobot_ws/install/cr12_moveit/share/cr12_moveit/environment/ament_prefix_path.sh
[0.910s] -- Installing: /home/huahai/dobot_ws/install/cr12_moveit/share/cr12_moveit/environment/ament_prefix_path.dsv
[0.910s] -- Installing: /home/huahai/dobot_ws/install/cr12_moveit/share/cr12_moveit/environment/path.sh
[0.910s] -- Installing: /home/huahai/dobot_ws/install/cr12_moveit/share/cr12_moveit/environment/path.dsv
[0.910s] -- Installing: /home/huahai/dobot_ws/install/cr12_moveit/share/cr12_moveit/local_setup.bash
[0.910s] -- Installing: /home/huahai/dobot_ws/install/cr12_moveit/share/cr12_moveit/local_setup.sh
[0.910s] -- Installing: /home/huahai/dobot_ws/install/cr12_moveit/share/cr12_moveit/local_setup.zsh
[0.910s] -- Installing: /home/huahai/dobot_ws/install/cr12_moveit/share/cr12_moveit/local_setup.dsv
[0.911s] -- Installing: /home/huahai/dobot_ws/install/cr12_moveit/share/cr12_moveit/package.dsv
[0.911s] -- Installing: /home/huahai/dobot_ws/install/cr12_moveit/share/ament_index/resource_index/packages/cr12_moveit
[0.912s] -- Installing: /home/huahai/dobot_ws/install/cr12_moveit/share/cr12_moveit/cmake/cr12_moveitConfig.cmake
[0.912s] -- Installing: /home/huahai/dobot_ws/install/cr12_moveit/share/cr12_moveit/cmake/cr12_moveitConfig-version.cmake
[0.912s] -- Installing: /home/huahai/dobot_ws/install/cr12_moveit/share/cr12_moveit/package.xml
[0.912s] -- Installing: /home/huahai/dobot_ws/install/cr12_moveit/share/cr12_moveit/launch
[0.912s] -- Installing: /home/huahai/dobot_ws/install/cr12_moveit/share/cr12_moveit/launch/moveit_rviz.launch.py
[0.912s] -- Installing: /home/huahai/dobot_ws/install/cr12_moveit/share/cr12_moveit/launch/dobot_moveit.launch.py
[0.912s] -- Installing: /home/huahai/dobot_ws/install/cr12_moveit/share/cr12_moveit/launch/moveit_gazebo.launch.py
[0.912s] -- Installing: /home/huahai/dobot_ws/install/cr12_moveit/share/cr12_moveit/launch/demo.launch.py
[0.912s] -- Installing: /home/huahai/dobot_ws/install/cr12_moveit/share/cr12_moveit/launch/setup_assistant.launch.py
[0.912s] -- Installing: /home/huahai/dobot_ws/install/cr12_moveit/share/cr12_moveit/launch/rsp.launch.py
[0.912s] -- Installing: /home/huahai/dobot_ws/install/cr12_moveit/share/cr12_moveit/launch/static_virtual_joint_tfs.launch.py
[0.913s] -- Installing: /home/huahai/dobot_ws/install/cr12_moveit/share/cr12_moveit/launch/spawn_controllers.launch.py
[0.913s] -- Installing: /home/huahai/dobot_ws/install/cr12_moveit/share/cr12_moveit/launch/move_group.launch.py
[0.913s] -- Installing: /home/huahai/dobot_ws/install/cr12_moveit/share/cr12_moveit/launch/warehouse_db.launch.py
[0.913s] -- Installing: /home/huahai/dobot_ws/install/cr12_moveit/share/cr12_moveit/config
[0.913s] -- Installing: /home/huahai/dobot_ws/install/cr12_moveit/share/cr12_moveit/config/joint_limits.yaml
[0.913s] -- Installing: /home/huahai/dobot_ws/install/cr12_moveit/share/cr12_moveit/config/moveit.rviz
[0.914s] -- Installing: /home/huahai/dobot_ws/install/cr12_moveit/share/cr12_moveit/config/pilz_cartesian_limits.yaml
[0.914s] -- Installing: /home/huahai/dobot_ws/install/cr12_moveit/share/cr12_moveit/config/moveit_controllers.yaml
[0.914s] -- Installing: /home/huahai/dobot_ws/install/cr12_moveit/share/cr12_moveit/config/kinematics.yaml
[0.914s] -- Installing: /home/huahai/dobot_ws/install/cr12_moveit/share/cr12_moveit/config/cr12_robot.srdf
[0.914s] -- Installing: /home/huahai/dobot_ws/install/cr12_moveit/share/cr12_moveit/config/initial_positions.yaml
[0.914s] -- Installing: /home/huahai/dobot_ws/install/cr12_moveit/share/cr12_moveit/config/cr12_robot.ros2_control.xacro
[0.914s] -- Installing: /home/huahai/dobot_ws/install/cr12_moveit/share/cr12_moveit/config/cr12_robot.urdf.xacro
[0.914s] -- Installing: /home/huahai/dobot_ws/install/cr12_moveit/share/cr12_moveit/config/ros2_controllers.yaml
[0.914s] -- Installing: /home/huahai/dobot_ws/install/cr12_moveit/share/cr12_moveit/.setup_assistant
[0.916s] Invoked command in '/home/huahai/dobot_ws/build/cr12_moveit' returned '0': AMENT_PREFIX_PATH=/home/huahai/dobot_ws/install/dobot_rviz:${AMENT_PREFIX_PATH} CMAKE_PREFIX_PATH=/home/huahai/dobot_ws/install/dobot_rviz:/opt/ros/humble /usr/bin/cmake --install /home/huahai/dobot_ws/build/cr12_moveit
